{"message":"Ticket 1-13 successfully purchased by user_6421"}{"message":"Ticket 6-39 successfully purchased by user_4141"}{"message":"Ticket 6-11 successfully purchased by user_7116"}{"message":"Ticket 5-6 successfully purchased by user_8564"}{"message":"Ticket 5-9 successfully purchased by user_4561"}{"message":"Ticket 7-10 successfully purchased by user_7103"}{"message":"Ticket 6-18 successfully purchased by user_1580"}{"message":"Ticket 4-32 successfully purchased by user_863"}{"message":"Ticket 1-2 successfully purchased by user_9996"}{"message":"Ticket 6-4 successfully purchased by user_7993"}{"message":"Ticket 1-1 successfully purchased by user_2273"}{"message":"Ticket 3-13 successfully purchased by user_8817"}{"message":"Ticket 10-42 successfully purchased by user_2005"}{"error":"Ticket is currently being purchased by another user"}{"message":"Ticket 1-5 successfully purchased by user_6220"}{"error":"Ticket is currently being purchased by another user"}{"message":"Ticket 4-35 successfully purchased by user_4564"}{"message":"Ticket 3-4 successfully purchased by user_8606"}{"message":"Ticket 3-10 successfully purchased by user_6932"}{"message":"Ticket 1-3 successfully purchased by user_3082"}{"message":"Ticket 7-48 successfully purchased by user_4997"}{"message":"Ticket 2-16 successfully purchased by user_9090"}{"message":"Ticket 6-50 successfully purchased by user_7951"}{"message":"Ticket 5-2 successfully purchased by user_5680"}{"message":"Ticket 1-4 successfully purchased by user_5567"}{"message":"Ticket 3-36 successfully purchased by user_2908"}{"error":"Ticket is already sold"}{"message":"Ticket 7-12 successfully purchased by user_7041"}{"message":"Ticket 6-30 successfully purchased by user_783"}{"message":"Ticket 9-7 successfully purchased by user_7790"}{"error":"Ticket is already sold"}{"message":"Ticket 8-8 successfully purchased by user_2533"}{"error":"Ticket is already sold"}{"message":"Ticket 1-14 successfully purchased by user_163"}{"message":"Ticket 10-8 successfully purchased by user_356"}{"message":"Ticket 8-44 successfully purchased by user_952"}{"message":"Ticket 8-10 successfully purchased by user_2221"}{"message":"Ticket 1-19 successfully purchased by user_7486"}{"message":"Ticket 4-12 successfully purchased by user_8103"}{"message":"Ticket 4-26 successfully purchased by user_4384"}{"message":"Ticket 7-7 successfully purchased by user_37"}{"message":"Ticket 6-43 successfully purchased by user_5575"}{"message":"Ticket 6-27 successfully purchased by user_7643"}{"message":"Ticket 2-34 successfully purchased by user_4420"}{"message":"Ticket 1-6 successfully purchased by user_6944"}{"message":"Ticket 6-20 successfully purchased by user_5645"}{"message":"Ticket 8-7 successfully purchased by user_5885"}{"message":"Ticket 1-7 successfully purchased by user_787"}{"message":"Ticket 3-14 successfully purchased by user_5152"}{"message":"Ticket 4-49 successfully purchased by user_613"}{"message":"Ticket 2-47 successfully purchased by user_8523"}{"error":"Ticket is already sold"}{"message":"Ticket 7-45 successfully purchased by user_938"}{"message":"Ticket 4-29 successfully purchased by user_6369"}{"message":"Ticket 4-16 successfully purchased by user_8662"}{"message":"Ticket 9-25 successfully purchased by user_2390"}{"message":"Ticket 1-23 successfully purchased by user_1503"}{"message":"Ticket 5-28 successfully purchased by user_2871"}{"message":"Ticket 6-49 successfully purchased by user_2129"}{"error":"Ticket is currently being purchased by another user"}{"message":"Ticket 3-19 successfully purchased by user_1528"}{"message":"Ticket 2-21 successfully purchased by user_4563"}{"message":"Ticket 1-8 successfully purchased by user_6758"}{"message":"Ticket 4-14 successfully purchased by user_9261"}{"message":"Ticket 1-41 successfully purchased by user_1366"}{"message":"Ticket 7-31 successfully purchased by user_3575"}{"message":"Ticket 1-38 successfully purchased by user_6505"}{"error":"Ticket is already sold"}{"message":"Ticket 5-46 successfully purchased by user_6648"}{"message":"Ticket 3-30 successfully purchased by user_4161"}{"message":"Ticket 9-8 successfully purchased by user_8555"}{"message":"Ticket 1-9 successfully purchased by user_3356"}{"message":"Ticket 10-7 successfully purchased by user_3749"}{"message":"Ticket 4-37 successfully purchased by user_3079"}{"message":"Ticket 4-9 successfully purchased by user_3089"}{"message":"Ticket 2-20 successfully purchased by user_853"}{"message":"Ticket 9-14 successfully purchased by user_4737"}{"message":"Ticket 8-4 successfully purchased by user_2990"}{"message":"Ticket 1-10 successfully purchased by user_2893"}{"message":"Ticket 8-23 successfully purchased by user_990"}{"error":"Ticket is already sold"}{"message":"Ticket 5-38 successfully purchased by user_9364"}{"error":"Ticket is already sold"}{"message":"Ticket 1-11 successfully purchased by user_7760"}{"message":"Ticket 2-5 successfully purchased by user_633"}{"message":"Ticket 8-43 successfully purchased by user_1110"}{"message":"Ticket 9-36 successfully purchased by user_4556"}{"message":"Ticket 7-14 successfully purchased by user_5685"}{"error":"Ticket is already sold"}{"message":"Ticket 8-9 successfully purchased by user_5737"}{"message":"Ticket 5-22 successfully purchased by user_364"}{"message":"Ticket 5-12 successfully purchased by user_4455"}{"error":"Ticket is already sold"}{"message":"Ticket 9-50 successfully purchased by user_386"}{"message":"Ticket 9-39 successfully purchased by user_7580"}{"error":"Ticket is already sold"}{"error":"Ticket is already sold"}{"message":"Ticket 5-48 successfully purchased by user_9421"}{"error":"Ticket is already sold"}{"message":"Ticket 1-12 successfully purchased by user_9912"}{"message":"Ticket 2-46 successfully purchased by user_9110"}{"message":"Ticket 5-29 successfully purchased by user_1251"}{"message":"Ticket 7-17 successfully purchased by user_5368"}{"message":"Ticket 3-42 successfully purchased by user_7881"}{"message":"Ticket 4-30 successfully purchased by user_6770"}{"message":"Ticket 10-50 successfully purchased by user_4343"}{"message":"Ticket 3-25 successfully purchased by user_9420"}{"error":"Ticket is already sold"}{"message":"Ticket 6-16 successfully purchased by user_8809"}{"message":"Ticket 4-31 successfully purchased by user_2552"}{"message":"Ticket 7-33 successfully purchased by user_625"}{"message":"Ticket 7-25 successfully purchased by user_962"}{"error":"Ticket is already sold"}{"message":"Ticket 4-23 successfully purchased by user_1344"}{"message":"Ticket 3-46 successfully purchased by user_2318"}{"message":"Ticket 4-44 successfully purchased by user_3751"}{"message":"Ticket 2-24 successfully purchased by user_2372"}{"error":"Ticket is already sold"}{"message":"Ticket 7-37 successfully purchased by user_8006"}{"message":"Ticket 4-17 successfully purchased by user_7814"}{"message":"Ticket 3-15 successfully purchased by user_3176"}{"message":"Ticket 9-11 successfully purchased by user_98"}{"message":"Ticket 1-15 successfully purchased by user_1942"}{"message":"Ticket 6-44 successfully purchased by user_5300"}{"error":"Ticket is currently being purchased by another user"}{"message":"Ticket 8-17 successfully purchased by user_9388"}{"message":"Ticket 4-46 successfully purchased by user_8753"}{"message":"Ticket 7-39 successfully purchased by user_1384"}{"message":"Ticket 5-33 successfully purchased by user_9013"}{"error":"Ticket is already sold"}{"message":"Ticket 1-16 successfully purchased by user_4956"}{"message":"Ticket 9-22 successfully purchased by user_9107"}{"error":"Ticket is already sold"}{"message":"Ticket 8-45 successfully purchased by user_7292"}{"message":"Ticket 8-48 successfully purchased by user_859"}{"message":"Ticket 7-13 successfully purchased by user_160"}{"message":"Ticket 7-3 successfully purchased by user_15"}{"message":"Ticket 2-25 successfully purchased by user_2196"}{"message":"Ticket 7-28 successfully purchased by user_3962"}{"message":"Ticket 6-2 successfully purchased by user_8774"}{"message":"Ticket 1-17 successfully purchased by user_1850"}{"error":"Ticket is already sold"}{"message":"Ticket 1-27 successfully purchased by user_1841"}{"message":"Ticket 1-35 successfully purchased by user_8130"}{"message":"Ticket 10-15 successfully purchased by user_3040"}{"message":"Ticket 4-47 successfully purchased by user_5659"}{"message":"Ticket 2-41 successfully purchased by user_79"}{"message":"Ticket 10-9 successfully purchased by user_1101"}{"message":"Ticket 9-44 successfully purchased by user_892"}{"message":"Ticket 2-29 successfully purchased by user_3559"}{"message":"Ticket 5-8 successfully purchased by user_3549"}{"message":"Ticket 3-17 successfully purchased by user_6936"}{"error":"Ticket is already sold"}{"message":"Ticket 1-18 successfully purchased by user_7898"}{"message":"Ticket 4-25 successfully purchased by user_7064"}{"error":"Ticket is currently being purchased by another user"}{"error":"Ticket is already sold"}{"error":"Ticket is already sold"}{"message":"Ticket 9-10 successfully purchased by user_3017"}{"error":"Ticket is already sold"}{"message":"Ticket 7-38 successfully purchased by user_7372"}{"message":"Ticket 8-32 successfully purchased by user_825"}{"message":"Ticket 4-8 successfully purchased by user_2131"}{"message":"Ticket 10-11 successfully purchased by user_5761"}{"message":"Ticket 7-32 successfully purchased by user_7259"}{"message":"Ticket 9-41 successfully purchased by user_3464"}{"error":"Ticket is already sold"}{"error":"Ticket is already sold"}{"message":"Ticket 5-17 successfully purchased by user_8439"}{"message":"Ticket 1-20 successfully purchased by user_8899"}{"error":"Ticket is already sold"}{"error":"Ticket is already sold"}{"error":"Ticket is already sold"}{"message":"Ticket 5-18 successfully purchased by user_4310"}{"message":"Ticket 7-30 successfully purchased by user_4643"}{"error":"Ticket is already sold"}{"message":"Ticket 7-11 successfully purchased by user_131"}{"error":"Ticket is already sold"}{"message":"Ticket 1-21 successfully purchased by user_2727"}{"message":"Ticket 7-50 successfully purchased by user_476"}{"error":"Ticket is already sold"}{"message":"Ticket 9-35 successfully purchased by user_6408"}{"message":"Ticket 10-27 successfully purchased by user_5222"}{"message":"Ticket 10-13 successfully purchased by user_4982"}{"error":"Ticket is already sold"}{"error":"Ticket is already sold"}{"error":"Ticket is already sold"}{"message":"Ticket 4-6 successfully purchased by user_8984"}{"error":"Ticket is already sold"}{"message":"Ticket 1-22 successfully purchased by user_9227"}{"error":"Ticket is already sold"}{"error":"Ticket is already sold"}{"error":"Ticket is already sold"}{"message":"Ticket 6-46 successfully purchased by user_2611"}{"message":"Ticket 4-34 successfully purchased by user_5784"}{"error":"Ticket is currently being purchased by another user"}{"error":"Ticket is already sold"}{"error":"Ticket is already sold"}{"message":"Ticket 7-36 successfully purchased by user_275"}{"error":"Ticket is already sold"}{"message":"Ticket 5-10 successfully purchased by user_6385"}{"message":"Ticket 5-20 successfully purchased by user_1952"}{"message":"Ticket 1-31 successfully purchased by user_3600"}{"message":"Ticket 5-5 successfully purchased by user_2137"}{"message":"Ticket 3-43 successfully purchased by user_6088"}{"message":"Ticket 5-49 successfully purchased by user_6434"}{"error":"Ticket is already sold"}{"error":"Ticket is currently being purchased by another user"}{"message":"Ticket 2-27 successfully purchased by user_7013"}{"message":"Ticket 10-30 successfully purchased by user_9435"}{"message":"Ticket 1-24 successfully purchased by user_8453"}{"error":"Ticket is already sold"}{"error":"Ticket is already sold"}{"message":"Ticket 8-31 successfully purchased by user_1431"}{"message":"Ticket 5-1 successfully purchased by user_7821"}{"message":"Ticket 10-3 successfully purchased by user_1249"}{"error":"Ticket is already sold"}{"message":"Ticket 1-25 successfully purchased by user_8067"}{"error":"Ticket is already sold"}{"message":"Ticket 7-40 successfully purchased by user_2065"}{"message":"Ticket 9-18 successfully purchased by user_2694"}{"message":"Ticket 8-50 successfully purchased by user_5726"}{"error":"Ticket is already sold"}{"error":"Ticket is already sold"}{"message":"Ticket 3-35 successfully purchased by user_1897"}{"message":"Ticket 1-26 successfully purchased by user_826"}{"message":"Ticket 7-43 successfully purchased by user_5445"}{"error":"Ticket is already sold"}{"error":"Ticket is already sold"}{"message":"Ticket 9-21 successfully purchased by user_3327"}{"message":"Ticket 9-9 successfully purchased by user_1678"}{"message":"Ticket 6-32 successfully purchased by user_9232"}{"error":"Ticket is already sold"}{"error":"Ticket is already sold"}{"error":"Ticket is already sold"}{"error":"Ticket is already sold"}{"message":"Ticket 7-44 successfully purchased by user_3308"}{"message":"Ticket 2-11 successfully purchased by user_4779"}{"message":"Ticket 8-36 successfully purchased by user_5442"}{"message":"Ticket 3-39 successfully purchased by user_9351"}{"message":"Ticket 10-21 successfully purchased by user_1747"}{"error":"Ticket is already sold"}{"message":"Ticket 1-50 successfully purchased by user_6434"}{"message":"Ticket 1-28 successfully purchased by user_317"}{"error":"Ticket is already sold"}{"message":"Ticket 1-37 successfully purchased by user_8732"}{"message":"Ticket 5-21 successfully purchased by user_519"}{"message":"Ticket 1-36 successfully purchased by user_4474"}{"error":"Ticket is already sold"}{"message":"Ticket 1-33 successfully purchased by user_5110"}{"error":"Ticket is already sold"}{"message":"Ticket 4-3 successfully purchased by user_4004"}{"message":"Ticket 9-49 successfully purchased by user_5056"}{"error":"Ticket is already sold"}{"message":"Ticket 4-36 successfully purchased by user_9392"}{"message":"Ticket 1-29 successfully purchased by user_316"}{"message":"Ticket 9-17 successfully purchased by user_2390"}{"error":"Ticket is already sold"}{"message":"Ticket 3-5 successfully purchased by user_4056"}{"error":"Ticket is already sold"}{"message":"Ticket 1-30 successfully purchased by user_8482"}{"message":"Ticket 6-29 successfully purchased by user_8985"}{"message":"Ticket 4-11 successfully purchased by user_5681"}{"error":"Ticket is already sold"}{"error":"Ticket is already sold"}{"message":"Ticket 1-48 successfully purchased by user_3453"}{"error":"Ticket is already sold"}{"message":"Ticket 8-40 successfully purchased by user_5454"}{"message":"Ticket 4-20 successfully purchased by user_7032"}{"error":"Ticket is already sold"}{"message":"Ticket 6-9 successfully purchased by user_9802"}{"message":"Ticket 3-21 successfully purchased by user_1524"}{"message":"Ticket 2-38 successfully purchased by user_5419"}{"message":"Ticket 5-47 successfully purchased by user_6109"}{"error":"Ticket is already sold"}{"message":"Ticket 9-20 successfully purchased by user_6938"}{"message":"Ticket 1-32 successfully purchased by user_2736"}{"message":"Ticket 9-31 successfully purchased by user_5740"}{"message":"Ticket 8-41 successfully purchased by user_782"}{"message":"Ticket 8-5 successfully purchased by user_6852"}{"error":"Ticket is already sold"}{"message":"Ticket 8-35 successfully purchased by user_8520"}{"message":"Ticket 3-6 successfully purchased by user_2172"}{"error":"Ticket is already sold"}{"message":"Ticket 7-19 successfully purchased by user_4765"}{"message":"Ticket 7-21 successfully purchased by user_5492"}{"message":"Ticket 1-34 successfully purchased by user_1205"}{"message":"Ticket 6-15 successfully purchased by user_3697"}{"message":"Ticket 8-20 successfully purchased by user_9777"}{"message":"Ticket 6-37 successfully purchased by user_8867"}{"message":"Ticket 3-32 successfully purchased by user_439"}{"message":"Ticket 4-27 successfully purchased by user_5755"}{"message":"Ticket 4-22 successfully purchased by user_2269"}{"message":"Ticket 3-47 successfully purchased by user_6459"}{"message":"Ticket 5-7 successfully purchased by user_9149"}{"message":"Ticket 5-16 successfully purchased by user_4118"}{"error":"Ticket is already sold"}{"message":"Ticket 2-15 successfully purchased by user_936"}{"error":"Ticket is already sold"}{"error":"Ticket is already sold"}{"message":"Ticket 5-36 successfully purchased by user_6552"}{"message":"Ticket 7-6 successfully purchased by user_6699"}{"error":"Ticket is already sold"}{"error":"Ticket is already sold"}{"message":"Ticket 9-33 successfully purchased by user_2319"}{"message":"Ticket 10-48 successfully purchased by user_9804"}{"error":"Ticket is already sold"}{"error":"Ticket is already sold"}{"error":"Ticket is already sold"}{"error":"Ticket is already sold"}{"error":"Ticket is already sold"}{"error":"Ticket is already sold"}{"error":"Ticket is already sold"}{"message":"Ticket 6-47 successfully purchased by user_6493"}{"message":"Ticket 8-34 successfully purchased by user_1236"}{"error":"Ticket is already sold"}{"error":"Ticket is already sold"}{"message":"Ticket 3-33 successfully purchased by user_1294"}{"error":"Ticket is already sold"}{"error":"Ticket is already sold"}{"message":"Ticket 5-34 successfully purchased by user_4356"}{"message":"Ticket 2-14 successfully purchased by user_2882"}{"message":"Ticket 4-24 successfully purchased by user_8231"}{"error":"Ticket is already sold"}{"error":"Ticket is already sold"}{"error":"Ticket is already sold"}{"error":"Ticket is already sold"}{"message":"Ticket 2-17 successfully purchased by user_5003"}{"message":"Ticket 8-6 successfully purchased by user_7957"}{"message":"Ticket 1-39 successfully purchased by user_6515"}{"message":"Ticket 7-2 successfully purchased by user_6034"}{"message":"Ticket 9-3 successfully purchased by user_4263"}{"error":"Ticket is already sold"}{"message":"Ticket 6-14 successfully purchased by user_5985"}{"message":"Ticket 1-49 successfully purchased by user_681"}{"error":"Ticket is already sold"}{"message":"Ticket 7-23 successfully purchased by user_9410"}{"message":"Ticket 3-1 successfully purchased by user_2468"}{"message":"Ticket 1-40 successfully purchased by user_4924"}{"message":"Ticket 5-26 successfully purchased by user_5840"}{"error":"Ticket is already sold"}{"error":"Ticket is already sold"}{"message":"Ticket 10-22 successfully purchased by user_7868"}{"message":"Ticket 4-21 successfully purchased by user_7904"}{"error":"Ticket is already sold"}{"error":"Ticket is already sold"}{"error":"Ticket is already sold"}{"message":"Ticket 2-49 successfully purchased by user_4759"}{"message":"Ticket 2-23 successfully purchased by user_2818"}{"message":"Ticket 8-37 successfully purchased by user_5451"}{"error":"Ticket is already sold"}{"error":"Ticket is already sold"}{"error":"Ticket is already sold"}{"error":"Ticket is already sold"}{"message":"Ticket 9-27 successfully purchased by user_9739"}{"message":"Ticket 6-10 successfully purchased by user_8171"}{"error":"Ticket is already sold"}{"message":"Ticket 7-24 successfully purchased by user_9860"}{"message":"Ticket 1-42 successfully purchased by user_148"}{"message":"Ticket 6-17 successfully purchased by user_6348"}{"error":"Ticket is already sold"}{"error":"Ticket is already sold"}{"message":"Ticket 8-46 successfully purchased by user_3688"}{"error":"Ticket is already sold"}{"error":"Ticket is already sold"}{"message":"Ticket 3-40 successfully purchased by user_6532"}{"message":"Ticket 4-45 successfully purchased by user_1750"}{"error":"Ticket is already sold"}{"error":"Ticket is already sold"}{"message":"Ticket 2-2 successfully purchased by user_2611"}{"message":"Ticket 1-43 successfully purchased by user_3043"}{"error":"Ticket is already sold"}{"message":"Ticket 5-44 successfully purchased by user_3291"}{"message":"Ticket 6-5 successfully purchased by user_9743"}{"message":"Ticket 7-16 successfully purchased by user_1822"}{"error":"Ticket is already sold"}{"error":"Ticket is already sold"}{"message":"Ticket 9-45 successfully purchased by user_3599"}{"error":"Ticket is already sold"}{"error":"Ticket is already sold"}{"error":"Ticket is already sold"}{"message":"Ticket 10-16 successfully purchased by user_9025"}{"message":"Ticket 1-44 successfully purchased by user_9198"}{"error":"Ticket is already sold"}{"error":"Ticket is already sold"}{"error":"Ticket is already sold"}{"error":"Ticket is already sold"}{"message":"Ticket 9-1 successfully purchased by user_4140"}{"error":"Ticket is already sold"}{"message":"Ticket 2-22 successfully purchased by user_71"}{"error":"Ticket is already sold"}{"message":"Ticket 1-45 successfully purchased by user_3734"}{"error":"Ticket is already sold"}{"message":"Ticket 9-34 successfully purchased by user_838"}{"message":"Ticket 8-3 successfully purchased by user_322"}{"error":"Ticket is already sold"}{"message":"Ticket 1-46 successfully purchased by user_3200"}{"message":"Ticket 8-18 successfully purchased by user_2264"}{"error":"Ticket is already sold"}{"message":"Ticket 10-18 successfully purchased by user_4956"}{"message":"Ticket 10-20 successfully purchased by user_5044"}{"error":"Ticket is already sold"}{"error":"Ticket is already sold"}{"error":"Ticket is already sold"}{"error":"Ticket is already sold"}{"error":"Ticket is already sold"}{"error":"Ticket is already sold"}{"error":"Ticket is already sold"}{"error":"Ticket is already sold"}{"error":"Ticket is already sold"}{"message":"Ticket 1-47 successfully purchased by user_3084"}{"message":"Ticket 2-42 successfully purchased by user_9858"}{"error":"Ticket is already sold"}{"error":"Ticket is already sold"}{"message":"Ticket 3-22 successfully purchased by user_7887"}{"error":"Ticket is already sold"}{"error":"Ticket is already sold"}{"error":"Ticket is already sold"}{"error":"Ticket is currently being purchased by another user"}{"message":"Ticket 10-44 successfully purchased by user_3719"}{"error":"Ticket is already sold"}{"error":"Ticket is already sold"}{"error":"Ticket is already sold"}{"error":"Ticket is already sold"}{"error":"Ticket is already sold"}{"error":"Ticket is already sold"}{"message":"Ticket 2-33 successfully purchased by user_8445"}{"message":"Ticket 4-41 successfully purchased by user_1297"}{"error":"Ticket is already sold"}{"message":"Ticket 8-25 successfully purchased by user_7323"}{"message":"Ticket 10-1 successfully purchased by user_3102"}{"error":"Ticket is already sold"}{"error":"Ticket is already sold"}{"message":"Ticket 4-48 successfully purchased by user_5786"}{"error":"Ticket is already sold"}{"error":"Ticket is already sold"}{"message":"Ticket 9-42 successfully purchased by user_7709"}{"message":"Ticket 7-41 successfully purchased by user_8088"}{"message":"Ticket 5-13 successfully purchased by user_8893"}{"message":"Ticket 2-1 successfully purchased by user_1480"}{"error":"Ticket is already sold"}{"message":"Ticket 2-12 successfully purchased by user_5170"}{"error":"Ticket is already sold"}{"error":"Ticket is already sold"}{"error":"Ticket is already sold"}{"error":"Ticket is already sold"}{"message":"Ticket 7-35 successfully purchased by user_5228"}{"error":"Ticket is already sold"}{"error":"Ticket is already sold"}{"message":"Ticket 3-38 successfully purchased by user_5018"}{"message":"Ticket 2-44 successfully purchased by user_3309"}{"error":"Ticket is already sold"}{"error":"Ticket is already sold"}{"error":"Ticket is already sold"}{"error":"Ticket is already sold"}{"error":"Ticket is already sold"}{"error":"Ticket is already sold"}{"message":"Ticket 2-3 successfully purchased by user_5226"}{"message":"Ticket 5-4 successfully purchased by user_1591"}{"message":"Ticket 6-38 successfully purchased by user_4989"}{"message":"Ticket 10-25 successfully purchased by user_9017"}{"error":"Ticket is already sold"}{"error":"Ticket is already sold"}{"message":"Ticket 2-45 successfully purchased by user_1701"}{"message":"Ticket 6-19 successfully purchased by user_8086"}{"error":"Ticket is already sold"}{"error":"Ticket is already sold"}{"message":"Ticket 10-39 successfully purchased by user_7714"}{"message":"Ticket 2-4 successfully purchased by user_1051"}{"error":"Ticket is already sold"}{"error":"Ticket is already sold"}{"message":"Ticket 10-4 successfully purchased by user_8644"}{"message":"Ticket 10-6 successfully purchased by user_4561"}{"error":"Ticket is already sold"}{"message":"Ticket 3-18 successfully purchased by user_5099"}{"error":"Ticket is already sold"}{"error":"Ticket is already sold"}{"error":"Ticket is already sold"}{"error":"Ticket is already sold"}{"error":"Ticket is already sold"}{"message":"Ticket 8-22 successfully purchased by user_6093"}{"message":"Ticket 4-39 successfully purchased by user_5514"}{"error":"Ticket is already sold"}{"message":"Ticket 2-6 successfully purchased by user_8852"}{"error":"Ticket is already sold"}{"message":"Ticket 3-34 successfully purchased by user_2767"}{"message":"Ticket 10-37 successfully purchased by user_7828"}{"error":"Ticket is already sold"}{"error":"Ticket is already sold"}{"message":"Ticket 2-7 successfully purchased by user_1698"}{"error":"Ticket is already sold"}{"error":"Ticket is already sold"}{"message":"Ticket 10-29 successfully purchased by user_4748"}{"error":"Ticket is already sold"}{"message":"Ticket 2-8 successfully purchased by user_1302"}{"error":"Ticket is already sold"}{"error":"Ticket is already sold"}{"error":"Ticket is already sold"}{"message":"Ticket 9-24 successfully purchased by user_2273"}{"message":"Ticket 10-17 successfully purchased by user_5715"}{"error":"Ticket is already sold"}{"message":"Ticket 6-33 successfully purchased by user_2819"}{"message":"Ticket 6-26 successfully purchased by user_7111"}{"error":"Ticket is already sold"}{"message":"Ticket 10-35 successfully purchased by user_3919"}{"message":"Ticket 2-9 successfully purchased by user_5118"}{"error":"Ticket is already sold"}{"error":"Ticket is already sold"}{"message":"Ticket 5-25 successfully purchased by user_8120"}{"error":"Ticket is already sold"}{"error":"Ticket is already sold"}{"message":"Ticket 10-26 successfully purchased by user_5507"}{"error":"Ticket is already sold"}{"error":"Ticket is already sold"}{"message":"Ticket 9-15 successfully purchased by user_3371"}{"error":"Ticket is already sold"}{"error":"Ticket is already sold"}{"message":"Ticket 2-10 successfully purchased by user_4011"}{"error":"Ticket is already sold"}{"message":"Ticket 5-41 successfully purchased by user_5378"}{"error":"Ticket is already sold"}{"message":"Ticket 2-37 successfully purchased by user_8852"}{"error":"Ticket is already sold"}{"error":"Ticket is already sold"}{"error":"Ticket is already sold"}{"message":"Ticket 9-46 successfully purchased by user_3366"}{"message":"Ticket 5-39 successfully purchased by user_4749"}{"error":"Ticket is already sold"}{"message":"Ticket 4-18 successfully purchased by user_9958"}{"error":"Ticket is already sold"}{"message":"Ticket 6-42 successfully purchased by user_8790"}{"error":"Ticket is already sold"}{"error":"Ticket is already sold"}{"error":"Ticket is already sold"}{"message":"Ticket 6-40 successfully purchased by user_623"}{"message":"Ticket 8-26 successfully purchased by user_6844"}{"error":"Ticket is already sold"}{"error":"Ticket is already sold"}{"error":"Ticket is already sold"}{"error":"Ticket is already sold"}{"error":"Ticket is already sold"}{"message":"Ticket 2-26 successfully purchased by user_6464"}{"error":"Ticket is already sold"}{"error":"Ticket is already sold"}{"message":"Ticket 7-1 successfully purchased by user_2324"}{"error":"Ticket is already sold"}{"error":"Ticket is already sold"}{"error":"Ticket is already sold"}{"error":"Ticket is already sold"}{"message":"Ticket 9-6 successfully purchased by user_9929"}{"error":"Ticket is already sold"}{"error":"Ticket is already sold"}{"message":"Ticket 2-18 successfully purchased by user_2113"}{"error":"Ticket is already sold"}{"message":"Ticket 2-13 successfully purchased by user_6552"}{"error":"Ticket is already sold"}{"error":"Ticket is already sold"}{"error":"Ticket is already sold"}{"error":"Ticket is already sold"}{"error":"Ticket is already sold"}{"error":"Ticket is already sold"}{"error":"Ticket is already sold"}{"error":"Ticket is already sold"}{"error":"Ticket is already sold"}{"message":"Ticket 9-38 successfully purchased by user_897"}{"error":"Ticket is already sold"}{"error":"Ticket is already sold"}{"error":"Ticket is already sold"}{"error":"Ticket is already sold"}{"error":"Ticket is already sold"}{"error":"Ticket is already sold"}{"error":"Ticket is already sold"}{"message":"Ticket 10-24 successfully purchased by user_781"}{"error":"Ticket is already sold"}{"error":"Ticket is already sold"}{"error":"Ticket is already sold"}{"error":"Ticket is already sold"}{"error":"Ticket is already sold"}{"error":"Ticket is already sold"}{"error":"Ticket is already sold"}{"message":"Ticket 3-37 successfully purchased by user_8772"}{"error":"Ticket is already sold"}{"error":"Ticket is already sold"}{"error":"Ticket is already sold"}{"message":"Ticket 4-5 successfully purchased by user_6537"}{"error":"Ticket is already sold"}{"error":"Ticket is already sold"}{"error":"Ticket is already sold"}{"error":"Ticket is already sold"}{"error":"Ticket is already sold"}{"error":"Ticket is already sold"}{"error":"Ticket is already sold"}{"error":"Ticket is already sold"}{"message":"Ticket 9-40 successfully purchased by user_2490"}{"error":"Ticket is already sold"}{"message":"Ticket 8-30 successfully purchased by user_8604"}{"message":"Ticket 10-2 successfully purchased by user_3386"}{"error":"Ticket is already sold"}{"error":"Ticket is already sold"}{"message":"Ticket 5-32 successfully purchased by user_2301"}{"error":"Ticket is already sold"}{"error":"Ticket is already sold"}{"message":"Ticket 10-31 successfully purchased by user_4381"}{"error":"Ticket is already sold"}{"error":"Ticket is already sold"}{"error":"Ticket is already sold"}{"error":"Ticket is already sold"}{"error":"Ticket is already sold"}{"message":"Ticket 4-7 successfully purchased by user_9116"}{"error":"Ticket is already sold"}{"message":"Ticket 2-19 successfully purchased by user_4376"}{"error":"Ticket is already sold"}{"error":"Ticket is already sold"}{"message":"Ticket 9-47 successfully purchased by user_636"}{"error":"Ticket is already sold"}{"error":"Ticket is already sold"}{"message":"Ticket 9-16 successfully purchased by user_3993"}{"error":"Ticket is already sold"}{"message":"Ticket 10-12 successfully purchased by user_2467"}{"error":"Ticket is already sold"}{"message":"Ticket 4-1 successfully purchased by user_5334"}{"error":"Ticket is already sold"}{"error":"Ticket is already sold"}{"error":"Ticket is already sold"}{"error":"Ticket is already sold"}{"message":"Ticket 9-12 successfully purchased by user_9504"}{"message":"Ticket 6-22 successfully purchased by user_7935"}{"error":"Ticket is already sold"}{"error":"Ticket is already sold"}{"message":"Ticket 4-43 successfully purchased by user_1094"}{"error":"Ticket is already sold"}{"message":"Ticket 8-27 successfully purchased by user_5109"}{"error":"Ticket is already sold"}{"error":"Ticket is already sold"}{"error":"Ticket is already sold"}{"error":"Ticket is already sold"}{"error":"Ticket is already sold"}{"error":"Ticket is already sold"}{"error":"Ticket is already sold"}{"error":"Ticket is already sold"}{"error":"Ticket is already sold"}{"message":"Ticket 2-31 successfully purchased by user_1375"}{"message":"Ticket 5-19 successfully purchased by user_2004"}{"message":"Ticket 6-6 successfully purchased by user_2581"}{"error":"Ticket is already sold"}{"error":"Ticket is already sold"}{"error":"Ticket is already sold"}{"error":"Ticket is already sold"}{"error":"Ticket is already sold"}{"message":"Ticket 4-38 successfully purchased by user_9211"}{"error":"Ticket is already sold"}{"error":"Ticket is already sold"}{"error":"Ticket is already sold"}{"error":"Ticket is already sold"}{"message":"Ticket 4-40 successfully purchased by user_6338"}{"message":"Ticket 5-45 successfully purchased by user_778"}{"error":"Ticket is already sold"}{"message":"Ticket 3-27 successfully purchased by user_2179"}{"error":"Ticket is already sold"}{"error":"Ticket is already sold"}{"message":"Ticket 3-16 successfully purchased by user_6321"}{"error":"Ticket is already sold"}{"error":"Ticket is already sold"}{"error":"Ticket is already sold"}{"error":"Ticket is already sold"}{"message":"Ticket 10-28 successfully purchased by user_454"}{"message":"Ticket 8-28 successfully purchased by user_2243"}{"error":"Ticket is already sold"}{"message":"Ticket 5-3 successfully purchased by user_9664"}{"error":"Ticket is already sold"}{"message":"Ticket 10-34 successfully purchased by user_378"}{"error":"Ticket is already sold"}{"error":"Ticket is already sold"}{"message":"Ticket 4-4 successfully purchased by user_8038"}{"error":"Ticket is already sold"}{"error":"Ticket is already sold"}{"error":"Ticket is already sold"}{"error":"Ticket is already sold"}{"error":"Ticket is already sold"}{"message":"Ticket 4-50 successfully purchased by user_7950"}{"error":"Ticket is already sold"}{"error":"Ticket is already sold"}{"error":"Ticket is already sold"}{"error":"Ticket is already sold"}{"error":"Ticket is already sold"}{"error":"Ticket is already sold"}{"error":"Ticket is already sold"}{"message":"Ticket 6-13 successfully purchased by user_1651"}{"message":"Ticket 4-15 successfully purchased by user_1115"}{"error":"Ticket is already sold"}{"error":"Ticket is already sold"}{"error":"Ticket is already sold"}{"error":"Ticket is already sold"}{"error":"Ticket is already sold"}{"error":"Ticket is already sold"}{"message":"Ticket 2-48 successfully purchased by user_7638"}{"message":"Ticket 10-23 successfully purchased by user_655"}{"message":"Ticket 2-28 successfully purchased by user_9671"}{"error":"Ticket is already sold"}{"error":"Ticket is already sold"}{"message":"Ticket 7-34 successfully purchased by user_8580"}{"error":"Ticket is already sold"}{"error":"Ticket is already sold"}{"message":"Ticket 9-4 successfully purchased by user_6647"}{"message":"Ticket 6-7 successfully purchased by user_2423"}{"error":"Ticket is already sold"}{"error":"Ticket is already sold"}{"error":"Ticket is already sold"}{"message":"Ticket 5-50 successfully purchased by user_1649"}{"error":"Ticket is already sold"}{"error":"Ticket is already sold"}{"error":"Ticket is already sold"}{"error":"Ticket is already sold"}{"error":"Ticket is already sold"}{"message":"Ticket 2-30 successfully purchased by user_1533"}{"error":"Ticket is already sold"}{"error":"Ticket is already sold"}{"error":"Ticket is already sold"}{"message":"Ticket 8-38 successfully purchased by user_8499"}{"error":"Ticket is already sold"}{"error":"Ticket is already sold"}{"error":"Ticket is already sold"}{"error":"Ticket is already sold"}{"error":"Ticket is already sold"}{"error":"Ticket is already sold"}{"message":"Ticket 7-29 successfully purchased by user_1561"}{"error":"Ticket is already sold"}{"message":"Ticket 9-19 successfully purchased by user_1280"}{"error":"Ticket is already sold"}{"error":"Ticket is already sold"}{"message":"Ticket 2-32 successfully purchased by user_1413"}{"error":"Ticket is already sold"}{"message":"Ticket 3-24 successfully purchased by user_5926"}{"message":"Ticket 9-5 successfully purchased by user_926"}{"error":"Ticket is already sold"}{"error":"Ticket is already sold"}{"error":"Ticket is already sold"}{"error":"Ticket is already sold"}{"error":"Ticket is already sold"}{"error":"Ticket is already sold"}{"message":"Ticket 6-28 successfully purchased by user_3537"}{"error":"Ticket is already sold"}{"error":"Ticket is already sold"}{"message":"Ticket 5-23 successfully purchased by user_6805"}{"error":"Ticket is already sold"}{"error":"Ticket is already sold"}{"error":"Ticket is already sold"}{"error":"Ticket is already sold"}{"message":"Ticket 2-35 successfully purchased by user_7615"}{"error":"Ticket is already sold"}{"error":"Ticket is already sold"}{"error":"Ticket is already sold"}{"message":"Ticket 2-36 successfully purchased by user_9135"}{"error":"Ticket is already sold"}{"error":"Ticket is already sold"}{"error":"Ticket is already sold"}{"error":"Ticket is already sold"}{"error":"Ticket is already sold"}{"error":"Ticket is already sold"}{"error":"Ticket is already sold"}{"error":"Ticket is currently being purchased by another user"}{"error":"Ticket is already sold"}{"error":"Ticket is already sold"}{"message":"Ticket 2-40 successfully purchased by user_3080"}{"error":"Ticket is already sold"}{"error":"Ticket is already sold"}{"error":"Ticket is already sold"}{"error":"Ticket is already sold"}{"error":"Ticket is already sold"}{"message":"Ticket 3-29 successfully purchased by user_6453"}{"error":"Ticket is already sold"}{"error":"Ticket is already sold"}{"error":"Ticket is already sold"}{"error":"Ticket is already sold"}{"message":"Ticket 6-1 successfully purchased by user_2514"}{"message":"Ticket 7-42 successfully purchased by user_8680"}{"error":"Ticket is already sold"}{"error":"Ticket is already sold"}{"error":"Ticket is already sold"}{"error":"Ticket is already sold"}{"error":"Ticket is already sold"}{"message":"Ticket 7-47 successfully purchased by user_8250"}{"error":"Ticket is already sold"}{"message":"Ticket 3-45 successfully purchased by user_8269"}{"error":"Ticket is already sold"}{"message":"Ticket 2-39 successfully purchased by user_9184"}{"message":"Ticket 8-39 successfully purchased by user_4706"}{"error":"Ticket is already sold"}{"message":"Ticket 4-2 successfully purchased by user_4939"}{"error":"Ticket is already sold"}{"message":"Ticket 10-41 successfully purchased by user_1807"}{"error":"Ticket is already sold"}{"error":"Ticket is already sold"}{"message":"Ticket 10-5 successfully purchased by user_6984"}{"message":"Ticket 8-47 successfully purchased by user_2372"}{"error":"Ticket is already sold"}{"error":"Ticket is already sold"}{"message":"Ticket 8-19 successfully purchased by user_9617"}{"error":"Ticket is already sold"}{"error":"Ticket is already sold"}{"error":"Ticket is already sold"}{"error":"Ticket is already sold"}{"message":"Ticket 3-8 successfully purchased by user_3407"}{"message":"Ticket 10-36 successfully purchased by user_5559"}{"error":"Ticket is already sold"}{"error":"Ticket is already sold"}{"error":"Ticket is already sold"}{"error":"Ticket is already sold"}{"error":"Ticket is already sold"}{"error":"Ticket is already sold"}{"error":"Ticket is already sold"}{"error":"Ticket is already sold"}{"message":"Ticket 2-43 successfully purchased by user_2500"}{"error":"Ticket is already sold"}{"error":"Ticket is already sold"}{"error":"Ticket is already sold"}{"error":"Ticket is already sold"}{"error":"Ticket is already sold"}{"error":"Ticket is already sold"}{"message":"Ticket 3-7 successfully purchased by user_1821"}{"error":"Ticket is already sold"}{"error":"Ticket is already sold"}{"error":"Ticket is already sold"}{"error":"Ticket is already sold"}{"error":"Ticket is already sold"}{"error":"Ticket is already sold"}{"error":"Ticket is already sold"}{"error":"Ticket is already sold"}{"error":"Ticket is already sold"}{"error":"Ticket is already sold"}{"error":"Ticket is already sold"}{"error":"Ticket is already sold"}{"error":"Ticket is already sold"}{"error":"Ticket is already sold"}{"error":"Ticket is already sold"}{"message":"Ticket 6-23 successfully purchased by user_2916"}{"error":"Ticket is already sold"}{"error":"Ticket is already sold"}{"message":"Ticket 3-2 successfully purchased by user_580"}{"error":"Ticket is already sold"}{"error":"Ticket is already sold"}{"message":"Ticket 8-12 successfully purchased by user_3272"}{"message":"Ticket 7-20 successfully purchased by user_4959"}{"error":"Ticket is already sold"}{"message":"Ticket 8-21 successfully purchased by user_7188"}{"error":"Ticket is already sold"}{"error":"Ticket is already sold"}{"error":"Ticket is already sold"}{"error":"Ticket is already sold"}{"error":"Ticket is already sold"}{"error":"Ticket is already sold"}{"error":"Ticket is already sold"}{"error":"Ticket is already sold"}{"error":"Ticket is already sold"}{"error":"Ticket is already sold"}{"error":"Ticket is already sold"}{"error":"Ticket is already sold"}{"message":"Ticket 9-2 successfully purchased by user_9856"}{"error":"Ticket is already sold"}{"error":"Ticket is already sold"}{"error":"Ticket is already sold"}{"error":"Ticket is already sold"}{"error":"Ticket is already sold"}{"error":"Ticket is already sold"}{"error":"Ticket is already sold"}{"message":"Ticket 2-50 successfully purchased by user_5479"}{"message":"Ticket 6-41 successfully purchased by user_3720"}{"message":"Ticket 7-27 successfully purchased by user_6258"}{"error":"Ticket is already sold"}{"error":"Ticket is already sold"}{"error":"Ticket is already sold"}{"error":"Ticket is already sold"}{"message":"Ticket 5-31 successfully purchased by user_900"}{"error":"Ticket is already sold"}{"error":"Ticket is already sold"}{"error":"Ticket is already sold"}{"error":"Ticket is already sold"}{"error":"Ticket is already sold"}{"error":"Ticket is already sold"}{"error":"Ticket is already sold"}{"error":"Ticket is already sold"}{"error":"Ticket is already sold"}{"error":"Ticket is already sold"}{"error":"Ticket is already sold"}{"error":"Ticket is already sold"}{"error":"Ticket is already sold"}{"error":"Ticket is already sold"}{"error":"Ticket is already sold"}{"error":"Ticket is already sold"}{"error":"Ticket is already sold"}{"error":"Ticket is already sold"}{"error":"Ticket is already sold"}{"error":"Ticket is already sold"}{"error":"Ticket is already sold"}{"error":"Ticket is already sold"}{"error":"Ticket is already sold"}{"error":"Ticket is already sold"}{"error":"Ticket is already sold"}{"message":"Ticket 3-3 successfully purchased by user_6334"}{"error":"Ticket is already sold"}{"error":"Ticket is already sold"}{"error":"Ticket is already sold"}{"message":"Ticket 3-11 successfully purchased by user_7553"}{"error":"Ticket is already sold"}{"error":"Ticket is already sold"}{"error":"Ticket is already sold"}{"error":"Ticket is already sold"}{"error":"Ticket is already sold"}{"error":"Ticket is already sold"}{"error":"Ticket is already sold"}{"error":"Ticket is already sold"}{"error":"Ticket is already sold"}{"message":"Ticket 3-23 successfully purchased by user_5182"}{"error":"Ticket is already sold"}{"error":"Ticket is already sold"}{"error":"Ticket is already sold"}{"error":"Ticket is already sold"}{"error":"Ticket is already sold"}{"error":"Ticket is already sold"}{"error":"Ticket is already sold"}{"error":"Ticket is already sold"}{"error":"Ticket is already sold"}{"error":"Ticket is already sold"}{"message":"Ticket 7-15 successfully purchased by user_5426"}{"error":"Ticket is already sold"}{"error":"Ticket is already sold"}{"error":"Ticket is already sold"}{"error":"Ticket is already sold"}{"error":"Ticket is already sold"}{"error":"Ticket is already sold"}{"error":"Ticket is already sold"}{"error":"Ticket is already sold"}{"error":"Ticket is already sold"}{"message":"Ticket 10-19 successfully purchased by user_4964"}{"error":"Ticket is already sold"}{"error":"Ticket is already sold"}{"error":"Ticket is already sold"}{"error":"Ticket is already sold"}{"message":"Ticket 10-45 successfully purchased by user_5113"}{"error":"Ticket is already sold"}{"message":"Ticket 3-12 successfully purchased by user_1331"}{"error":"Ticket is already sold"}{"error":"Ticket is already sold"}{"error":"Ticket is already sold"}{"error":"Ticket is already sold"}{"error":"Ticket is already sold"}{"error":"Ticket is already sold"}{"error":"Ticket is already sold"}{"error":"Ticket is already sold"}{"error":"Ticket is already sold"}{"error":"Ticket is already sold"}{"error":"Ticket is already sold"}{"error":"Ticket is already sold"}{"error":"Ticket is already sold"}{"error":"Ticket is already sold"}{"message":"Ticket 8-15 successfully purchased by user_7439"}{"error":"Ticket is already sold"}{"error":"Ticket is already sold"}{"message":"Ticket 3-9 successfully purchased by user_4471"}{"message":"Ticket 5-14 successfully purchased by user_4816"}{"error":"Ticket is already sold"}{"error":"Ticket is already sold"}{"error":"Ticket is already sold"}{"error":"Ticket is already sold"}{"error":"Ticket is already sold"}{"error":"Ticket is already sold"}{"error":"Ticket is already sold"}{"error":"Ticket is already sold"}{"error":"Ticket is already sold"}{"error":"Ticket is already sold"}{"message":"Ticket 8-42 successfully purchased by user_4153"}{"error":"Ticket is already sold"}{"error":"Ticket is already sold"}{"message":"Ticket 7-46 successfully purchased by user_2562"}{"error":"Ticket is already sold"}{"error":"Ticket is already sold"}{"error":"Ticket is already sold"}{"error":"Ticket is already sold"}{"error":"Ticket is already sold"}{"error":"Ticket is already sold"}{"error":"Ticket is already sold"}{"error":"Ticket is already sold"}{"error":"Ticket is already sold"}{"error":"Ticket is already sold"}{"error":"Ticket is already sold"}{"error":"Ticket is already sold"}{"error":"Ticket is already sold"}{"error":"Ticket is already sold"}{"error":"Ticket is already sold"}{"error":"Ticket is already sold"}{"error":"Ticket is already sold"}{"message":"Ticket 6-34 successfully purchased by user_4242"}{"error":"Ticket is already sold"}{"error":"Ticket is already sold"}{"error":"Ticket is already sold"}{"message":"Ticket 9-29 successfully purchased by user_8997"}{"error":"Ticket is already sold"}{"error":"Ticket is already sold"}{"message":"Ticket 10-47 successfully purchased by user_3556"}{"message":"Ticket 8-2 successfully purchased by user_874"}{"message":"Ticket 7-26 successfully purchased by user_8594"}{"error":"Ticket is already sold"}{"error":"Ticket is already sold"}{"error":"Ticket is already sold"}{"message":"Ticket 4-42 successfully purchased by user_904"}{"error":"Ticket is already sold"}{"error":"Ticket is already sold"}{"error":"Ticket is already sold"}{"error":"Ticket is already sold"}{"error":"Ticket is already sold"}{"error":"Ticket is already sold"}{"error":"Ticket is already sold"}{"error":"Ticket is already sold"}{"error":"Ticket is already sold"}{"error":"Ticket is already sold"}{"error":"Ticket is already sold"}{"error":"Ticket is already sold"}{"error":"Ticket is already sold"}{"error":"Ticket is already sold"}{"error":"Ticket is already sold"}{"error":"Ticket is already sold"}{"error":"Ticket is already sold"}{"error":"Ticket is already sold"}{"error":"Ticket is already sold"}{"error":"Ticket is already sold"}{"message":"Ticket 9-30 successfully purchased by user_8100"}{"error":"Ticket is already sold"}{"error":"Ticket is already sold"}{"error":"Ticket is already sold"}{"error":"Ticket is already sold"}{"error":"Ticket is already sold"}{"error":"Ticket is already sold"}{"error":"Ticket is already sold"}{"error":"Ticket is already sold"}{"error":"Ticket is already sold"}{"error":"Ticket is already sold"}{"error":"Ticket is already sold"}{"error":"Ticket is already sold"}{"message":"Ticket 6-21 successfully purchased by user_7501"}{"error":"Ticket is already sold"}{"error":"Ticket is already sold"}{"error":"Ticket is already sold"}{"error":"Ticket is already sold"}{"error":"Ticket is already sold"}{"error":"Ticket is already sold"}{"error":"Ticket is already sold"}{"error":"Ticket is already sold"}{"message":"Ticket 3-20 successfully purchased by user_5714"}{"error":"Ticket is already sold"}{"error":"Ticket is already sold"}{"error":"Ticket is already sold"}{"error":"Ticket is already sold"}{"error":"Ticket is already sold"}{"error":"Ticket is already sold"}{"error":"Ticket is already sold"}{"error":"Ticket is already sold"}{"error":"Ticket is already sold"}{"error":"Ticket is already sold"}{"error":"Ticket is already sold"}{"error":"Ticket is already sold"}{"error":"Ticket is already sold"}{"error":"Ticket is already sold"}{"error":"Ticket is already sold"}{"error":"Ticket is already sold"}{"error":"Ticket is already sold"}{"error":"Ticket is already sold"}{"error":"Ticket is already sold"}{"error":"Ticket is already sold"}{"error":"Ticket is already sold"}{"error":"Ticket is already sold"}{"error":"Ticket is already sold"}{"message":"Ticket 10-14 successfully purchased by user_786"}{"error":"Ticket is already sold"}{"error":"Ticket is already sold"}{"message":"Ticket 9-28 successfully purchased by user_6178"}{"error":"Ticket is already sold"}{"error":"Ticket is already sold"}{"error":"Ticket is already sold"}{"error":"Ticket is already sold"}{"error":"Ticket is already sold"}{"error":"Ticket is already sold"}{"error":"Ticket is already sold"}{"error":"Ticket is already sold"}{"error":"Ticket is already sold"}{"error":"Ticket is already sold"}{"error":"Ticket is already sold"}{"error":"Ticket is already sold"}{"message":"Ticket 4-28 successfully purchased by user_2561"}{"error":"Ticket is already sold"}{"error":"Ticket is already sold"}{"error":"Ticket is already sold"}{"error":"Ticket is already sold"}{"error":"Ticket is already sold"}{"message":"Ticket 3-26 successfully purchased by user_3422"}{"error":"Ticket is already sold"}{"error":"Ticket is already sold"}{"error":"Ticket is already sold"}{"message":"Ticket 5-42 successfully purchased by user_7137"}{"message":"Ticket 9-48 successfully purchased by user_9239"}{"error":"Ticket is already sold"}{"error":"Ticket is already sold"}{"error":"Ticket is already sold"}{"error":"Ticket is already sold"}{"error":"Ticket is already sold"}{"message":"Ticket 3-28 successfully purchased by user_2971"}{"message":"Ticket 9-13 successfully purchased by user_7898"}{"error":"Ticket is already sold"}{"message":"Ticket 6-3 successfully purchased by user_6559"}{"error":"Ticket is already sold"}{"error":"Ticket is already sold"}{"error":"Ticket is already sold"}{"error":"Ticket is already sold"}{"error":"Ticket is already sold"}{"error":"Ticket is already sold"}{"error":"Ticket is already sold"}{"error":"Ticket is already sold"}{"error":"Ticket is already sold"}{"error":"Ticket is already sold"}{"error":"Ticket is already sold"}{"error":"Ticket is already sold"}{"error":"Ticket is already sold"}{"error":"Ticket is already sold"}{"error":"Ticket is already sold"}{"error":"Ticket is already sold"}{"error":"Ticket is already sold"}{"error":"Ticket is already sold"}{"error":"Ticket is already sold"}{"error":"Ticket is already sold"}{"message":"Ticket 4-10 successfully purchased by user_6955"}{"error":"Ticket is already sold"}{"error":"Ticket is already sold"}{"message":"Ticket 3-31 successfully purchased by user_9626"}{"error":"Ticket is already sold"}{"error":"Ticket is already sold"}{"message":"Ticket 6-48 successfully purchased by user_4436"}{"error":"Ticket is already sold"}{"error":"Ticket is already sold"}{"message":"Ticket 5-35 successfully purchased by user_2019"}{"message":"Ticket 9-23 successfully purchased by user_4806"}{"error":"Ticket is already sold"}{"error":"Ticket is already sold"}{"error":"Ticket is already sold"}{"error":"Ticket is already sold"}{"error":"Ticket is already sold"}{"error":"Ticket is already sold"}{"error":"Ticket is already sold"}{"error":"Ticket is already sold"}{"error":"Ticket is already sold"}{"error":"Ticket is already sold"}{"error":"Ticket is already sold"}{"error":"Ticket is already sold"}{"error":"Ticket is already sold"}{"error":"Ticket is already sold"}{"error":"Ticket is already sold"}{"error":"Ticket is already sold"}{"error":"Ticket is already sold"}{"error":"Ticket is already sold"}{"error":"Ticket is already sold"}{"error":"Ticket is already sold"}{"error":"Ticket is already sold"}{"error":"Ticket is already sold"}{"error":"Ticket is already sold"}{"error":"Ticket is already sold"}{"error":"Ticket is already sold"}{"error":"Ticket is already sold"}{"error":"Ticket is already sold"}{"error":"Ticket is already sold"}{"error":"Ticket is already sold"}{"error":"Ticket is already sold"}{"error":"Ticket is already sold"}{"message":"Ticket 4-19 successfully purchased by user_8993"}{"error":"Ticket is already sold"}{"error":"Ticket is already sold"}{"error":"Ticket is already sold"}{"message":"Ticket 6-36 successfully purchased by user_6706"}{"error":"Ticket is already sold"}{"error":"Ticket is already sold"}{"error":"Ticket is already sold"}{"error":"Ticket is already sold"}{"error":"Ticket is already sold"}{"error":"Ticket is already sold"}{"error":"Ticket is already sold"}{"error":"Ticket is already sold"}{"error":"Ticket is already sold"}{"error":"Ticket is already sold"}{"error":"Ticket is already sold"}{"error":"Ticket is already sold"}{"message":"Ticket 6-24 successfully purchased by user_5967"}{"error":"Ticket is already sold"}{"error":"Ticket is already sold"}{"error":"Ticket is already sold"}{"error":"Ticket is already sold"}{"message":"Ticket 6-12 successfully purchased by user_6857"}{"error":"Ticket is already sold"}{"error":"Ticket is already sold"}{"message":"Ticket 8-33 successfully purchased by user_7090"}{"error":"Ticket is already sold"}{"error":"Ticket is already sold"}{"error":"Ticket is already sold"}{"error":"Ticket is already sold"}{"error":"Ticket is already sold"}{"error":"Ticket is already sold"}{"error":"Ticket is already sold"}{"error":"Ticket is already sold"}{"error":"Ticket is already sold"}{"message":"Ticket 4-33 successfully purchased by user_6994"}{"error":"Ticket is already sold"}{"error":"Ticket is already sold"}{"error":"Ticket is already sold"}{"error":"Ticket is already sold"}{"message":"Ticket 6-35 successfully purchased by user_4876"}{"error":"Ticket is already sold"}{"error":"Ticket is already sold"}{"error":"Ticket is already sold"}{"message":"Ticket 5-11 successfully purchased by user_1655"}{"error":"Ticket is already sold"}{"error":"Ticket is already sold"}{"error":"Ticket is already sold"}{"message":"Ticket 10-38 successfully purchased by user_2431"}{"message":"Ticket 3-41 successfully purchased by user_268"}{"error":"Ticket is already sold"}{"error":"Ticket is already sold"}{"error":"Ticket is already sold"}{"error":"Ticket is already sold"}{"error":"Ticket is already sold"}{"error":"Ticket is already sold"}{"error":"Ticket is already sold"}{"error":"Ticket is already sold"}{"error":"Ticket is already sold"}{"error":"Ticket is already sold"}{"error":"Ticket is already sold"}{"error":"Ticket is already sold"}{"error":"Ticket is already sold"}{"error":"Ticket is already sold"}{"error":"Ticket is already sold"}{"error":"Ticket is already sold"}{"error":"Ticket is already sold"}{"error":"Ticket is already sold"}{"error":"Ticket is already sold"}{"error":"Ticket is already sold"}{"error":"Ticket is already sold"}{"error":"Ticket is already sold"}{"error":"Ticket is already sold"}{"error":"Ticket is already sold"}{"error":"Ticket is already sold"}{"message":"Ticket 3-48 successfully purchased by user_4440"}{"error":"Ticket is already sold"}{"message":"Ticket 3-44 successfully purchased by user_6027"}{"error":"Ticket is already sold"}{"error":"Ticket is already sold"}{"error":"Ticket is already sold"}{"error":"Ticket is already sold"}{"error":"Ticket is already sold"}{"error":"Ticket is already sold"}{"error":"Ticket is already sold"}{"error":"Ticket is already sold"}{"error":"Ticket is already sold"}{"error":"Ticket is already sold"}{"error":"Ticket is already sold"}{"error":"Ticket is already sold"}{"error":"Ticket is already sold"}{"error":"Ticket is already sold"}{"error":"Ticket is already sold"}{"error":"Ticket is already sold"}{"error":"Ticket is already sold"}{"error":"Ticket is already sold"}{"error":"Ticket is already sold"}{"error":"Ticket is already sold"}{"error":"Ticket is already sold"}{"error":"Ticket is already sold"}{"error":"Ticket is already sold"}{"message":"Ticket 10-49 successfully purchased by user_8578"}{"error":"Ticket is already sold"}{"message":"Ticket 5-27 successfully purchased by user_3755"}{"error":"Ticket is already sold"}{"error":"Ticket is already sold"}{"error":"Ticket is already sold"}{"error":"Ticket is already sold"}{"error":"Ticket is already sold"}{"error":"Ticket is already sold"}{"error":"Ticket is already sold"}{"error":"Ticket is already sold"}{"error":"Ticket is already sold"}{"error":"Ticket is already sold"}{"error":"Ticket is already sold"}{"error":"Ticket is already sold"}{"error":"Ticket is already sold"}{"error":"Ticket is already sold"}{"error":"Ticket is already sold"}{"error":"Ticket is already sold"}{"error":"Ticket is already sold"}{"message":"Ticket 3-49 successfully purchased by user_3881"}{"error":"Ticket is already sold"}{"error":"Ticket is already sold"}{"error":"Ticket is already sold"}{"error":"Ticket is already sold"}{"error":"Ticket is already sold"}{"error":"Ticket is already sold"}{"error":"Ticket is already sold"}{"error":"Ticket is already sold"}{"error":"Ticket is already sold"}{"error":"Ticket is already sold"}{"error":"Ticket is already sold"}{"message":"Ticket 3-50 successfully purchased by user_4196"}{"error":"Ticket is already sold"}{"error":"Ticket is already sold"}{"error":"Ticket is already sold"}{"error":"Ticket is already sold"}{"error":"Ticket is already sold"}{"error":"Ticket is already sold"}{"error":"Ticket is already sold"}{"error":"Ticket is already sold"}{"error":"Ticket is already sold"}{"error":"Ticket is already sold"}{"error":"Ticket is already sold"}{"error":"Ticket is already sold"}{"error":"Ticket is already sold"}{"error":"Ticket is already sold"}{"error":"Ticket is already sold"}{"error":"Ticket is already sold"}{"error":"Ticket is already sold"}{"error":"Ticket is already sold"}{"error":"Ticket is already sold"}{"error":"Ticket is already sold"}{"error":"Ticket is already sold"}{"error":"Ticket is already sold"}{"error":"Ticket is already sold"}{"error":"Ticket is already sold"}{"error":"Ticket is already sold"}{"error":"Ticket is already sold"}{"error":"Ticket is already sold"}{"error":"Ticket is already sold"}{"error":"Ticket is already sold"}{"message":"Ticket 6-25 successfully purchased by user_304"}{"error":"Ticket is already sold"}{"error":"Ticket is already sold"}{"error":"Ticket is already sold"}{"error":"Ticket is already sold"}{"error":"Ticket is already sold"}{"error":"Ticket is already sold"}{"error":"Ticket is already sold"}{"error":"Ticket is already sold"}{"error":"Ticket is already sold"}{"error":"Ticket is already sold"}{"error":"Ticket is already sold"}{"error":"Ticket is already sold"}{"error":"Ticket is already sold"}{"error":"Ticket is already sold"}{"error":"Ticket is already sold"}{"error":"Ticket is already sold"}{"error":"Ticket is already sold"}{"error":"Ticket is already sold"}{"error":"Ticket is already sold"}{"error":"Ticket is already sold"}{"error":"Ticket is already sold"}{"error":"Ticket is already sold"}{"error":"Ticket is already sold"}{"error":"Ticket is already sold"}{"error":"Ticket is already sold"}{"error":"Ticket is already sold"}{"error":"Ticket is already sold"}{"error":"Ticket is already sold"}{"error":"Ticket is already sold"}{"error":"Ticket is already sold"}{"error":"Ticket is already sold"}{"error":"Ticket is already sold"}{"error":"Ticket is already sold"}{"error":"Ticket is already sold"}{"error":"Ticket is already sold"}{"error":"Ticket is already sold"}{"error":"Ticket is already sold"}{"error":"Ticket is already sold"}{"message":"Ticket 7-8 successfully purchased by user_3520"}{"error":"Ticket is already sold"}{"error":"Ticket is already sold"}{"error":"Ticket is already sold"}{"error":"Ticket is already sold"}{"error":"Ticket is already sold"}{"error":"Ticket is already sold"}{"error":"Ticket is already sold"}{"error":"Ticket is already sold"}{"error":"Ticket is already sold"}{"error":"Ticket is already sold"}{"message":"Ticket 5-15 successfully purchased by user_1759"}{"error":"Ticket is already sold"}{"error":"Ticket is already sold"}{"error":"Ticket is already sold"}{"error":"Ticket is already sold"}{"error":"Ticket is already sold"}{"error":"Ticket is already sold"}{"error":"Ticket is already sold"}{"error":"Ticket is already sold"}{"error":"Ticket is already sold"}{"error":"Ticket is already sold"}{"error":"Ticket is already sold"}{"error":"Ticket is already sold"}{"error":"Ticket is already sold"}{"error":"Ticket is already sold"}{"error":"Ticket is already sold"}{"error":"Ticket is already sold"}{"error":"Ticket is already sold"}{"error":"Ticket is already sold"}{"error":"Ticket is already sold"}{"error":"Ticket is already sold"}{"error":"Ticket is already sold"}{"error":"Ticket is already sold"}{"message":"Ticket 5-30 successfully purchased by user_1816"}{"error":"Ticket is already sold"}{"error":"Ticket is already sold"}{"message":"Ticket 4-13 successfully purchased by user_8489"}{"error":"Ticket is already sold"}{"error":"Ticket is already sold"}{"error":"Ticket is already sold"}{"error":"Ticket is already sold"}{"error":"Ticket is already sold"}{"message":"Ticket 8-49 successfully purchased by user_2244"}{"error":"Ticket is already sold"}{"error":"Ticket is already sold"}{"error":"Ticket is already sold"}{"error":"Ticket is already sold"}{"error":"Ticket is already sold"}{"error":"Ticket is already sold"}{"error":"Ticket is already sold"}{"error":"Ticket is already sold"}{"error":"Ticket is already sold"}{"error":"Ticket is already sold"}{"error":"Ticket is already sold"}{"error":"Ticket is already sold"}{"error":"Ticket is already sold"}{"error":"Ticket is already sold"}{"error":"Ticket is already sold"}{"error":"Ticket is already sold"}{"error":"Ticket is already sold"}{"error":"Ticket is already sold"}{"error":"Ticket is already sold"}{"error":"Ticket is already sold"}{"message":"Ticket 10-10 successfully purchased by user_2377"}{"error":"Ticket is already sold"}{"error":"Ticket is already sold"}{"error":"Ticket is already sold"}{"error":"Ticket is already sold"}{"error":"Ticket is already sold"}{"error":"Ticket is already sold"}{"error":"Ticket is already sold"}{"error":"Ticket is already sold"}{"error":"Ticket is already sold"}{"error":"Ticket is already sold"}{"error":"Ticket is already sold"}{"error":"Ticket is already sold"}{"error":"Ticket is already sold"}{"error":"Ticket is already sold"}{"error":"Ticket is already sold"}{"error":"Ticket is already sold"}{"error":"Ticket is already sold"}{"error":"Ticket is already sold"}{"message":"Ticket 7-4 successfully purchased by user_9605"}{"error":"Ticket is already sold"}{"error":"Ticket is already sold"}{"error":"Ticket is already sold"}{"error":"Ticket is already sold"}{"error":"Ticket is already sold"}{"error":"Ticket is already sold"}{"error":"Ticket is already sold"}{"error":"Ticket is already sold"}{"error":"Ticket is already sold"}{"message":"Ticket 8-29 successfully purchased by user_6812"}{"error":"Ticket is already sold"}{"error":"Ticket is already sold"}{"error":"Ticket is already sold"}{"error":"Ticket is already sold"}{"error":"Ticket is already sold"}{"error":"Ticket is already sold"}{"error":"Ticket is already sold"}{"error":"Ticket is already sold"}{"error":"Ticket is already sold"}{"error":"Ticket is already sold"}{"error":"Ticket is already sold"}{"error":"Ticket is already sold"}{"error":"Ticket is already sold"}{"error":"Ticket is already sold"}{"error":"Ticket is already sold"}{"error":"Ticket is already sold"}{"error":"Ticket is already sold"}{"error":"Ticket is already sold"}{"error":"Ticket is already sold"}{"error":"Ticket is already sold"}{"error":"Ticket is already sold"}{"error":"Ticket is already sold"}{"error":"Ticket is already sold"}{"error":"Ticket is already sold"}{"error":"Ticket is already sold"}{"error":"Ticket is already sold"}{"error":"Ticket is already sold"}{"error":"Ticket is already sold"}{"error":"Ticket is already sold"}{"error":"Ticket is already sold"}{"error":"Ticket is already sold"}{"error":"Ticket is already sold"}{"error":"Ticket is already sold"}{"error":"Ticket is already sold"}{"error":"Ticket is already sold"}{"error":"Ticket is already sold"}{"error":"Ticket is already sold"}{"error":"Ticket is already sold"}{"error":"Ticket is already sold"}{"error":"Ticket is already sold"}{"error":"Ticket is already sold"}{"error":"Ticket is already sold"}{"error":"Ticket is already sold"}{"error":"Ticket is already sold"}{"error":"Ticket is already sold"}{"error":"Ticket is already sold"}{"error":"Ticket is already sold"}{"error":"Ticket is already sold"}{"error":"Ticket is already sold"}{"error":"Ticket is already sold"}{"error":"Ticket is already sold"}{"error":"Ticket is already sold"}{"error":"Ticket is already sold"}{"error":"Ticket is already sold"}{"error":"Ticket is already sold"}{"error":"Ticket is already sold"}{"error":"Ticket is already sold"}{"error":"Ticket is already sold"}{"error":"Ticket is already sold"}{"error":"Ticket is already sold"}{"error":"Ticket is already sold"}{"error":"Ticket is already sold"}{"error":"Ticket is already sold"}{"error":"Ticket is already sold"}{"error":"Ticket is already sold"}{"error":"Ticket is already sold"}{"error":"Ticket is already sold"}{"error":"Ticket is already sold"}{"error":"Ticket is already sold"}{"error":"Ticket is already sold"}{"error":"Ticket is already sold"}{"error":"Ticket is already sold"}{"error":"Ticket is already sold"}{"error":"Ticket is already sold"}{"error":"Ticket is already sold"}{"error":"Ticket is already sold"}{"error":"Ticket is already sold"}{"error":"Ticket is already sold"}{"error":"Ticket is already sold"}{"error":"Ticket is already sold"}{"error":"Ticket is already sold"}{"error":"Ticket is already sold"}{"error":"Ticket is already sold"}{"error":"Ticket is already sold"}{"error":"Ticket is already sold"}{"error":"Ticket is already sold"}{"error":"Ticket is already sold"}{"error":"Ticket is already sold"}{"error":"Ticket is already sold"}{"error":"Ticket is already sold"}{"error":"Ticket is already sold"}{"error":"Ticket is already sold"}{"error":"Ticket is already sold"}{"error":"Ticket is already sold"}{"error":"Ticket is already sold"}{"error":"Ticket is already sold"}{"error":"Ticket is already sold"}{"error":"Ticket is already sold"}{"error":"Ticket is already sold"}{"error":"Ticket is already sold"}{"error":"Ticket is already sold"}{"message":"Ticket 5-43 successfully purchased by user_1959"}{"error":"Ticket is already sold"}{"error":"Ticket is already sold"}{"error":"Ticket is already sold"}{"error":"Ticket is already sold"}{"message":"Ticket 8-14 successfully purchased by user_9619"}{"message":"Ticket 7-49 successfully purchased by user_5170"}{"error":"Ticket is already sold"}{"error":"Ticket is already sold"}{"error":"Ticket is already sold"}{"error":"Ticket is already sold"}{"error":"Ticket is already sold"}{"error":"Ticket is already sold"}{"error":"Ticket is already sold"}{"error":"Ticket is already sold"}{"error":"Ticket is already sold"}{"error":"Ticket is already sold"}{"error":"Ticket is already sold"}{"error":"Ticket is already sold"}{"error":"Ticket is already sold"}{"error":"Ticket is already sold"}{"error":"Ticket is already sold"}{"error":"Ticket is already sold"}{"error":"Ticket is already sold"}{"error":"Ticket is already sold"}{"error":"Ticket is already sold"}{"error":"Ticket is already sold"}{"error":"Ticket is already sold"}{"error":"Ticket is already sold"}{"error":"Ticket is already sold"}{"error":"Ticket is already sold"}{"error":"Ticket is already sold"}{"error":"Ticket is already sold"}{"error":"Ticket is already sold"}{"error":"Ticket is already sold"}{"error":"Ticket is already sold"}{"error":"Ticket is already sold"}{"error":"Ticket is already sold"}{"error":"Ticket is already sold"}{"error":"Ticket is already sold"}{"error":"Ticket is already sold"}{"error":"Ticket is already sold"}{"error":"Ticket is already sold"}{"error":"Ticket is already sold"}{"error":"Ticket is already sold"}{"error":"Ticket is already sold"}{"error":"Ticket is already sold"}{"error":"Ticket is already sold"}{"error":"Ticket is already sold"}{"error":"Ticket is already sold"}{"error":"Ticket is already sold"}{"error":"Ticket is already sold"}{"error":"Ticket is already sold"}{"error":"Ticket is already sold"}{"error":"Ticket is already sold"}{"error":"Ticket is already sold"}{"error":"Ticket is already sold"}{"error":"Ticket is already sold"}{"error":"Ticket is already sold"}{"error":"Ticket is already sold"}{"error":"Ticket is already sold"}{"error":"Ticket is already sold"}{"error":"Ticket is already sold"}{"error":"Ticket is already sold"}{"error":"Ticket is already sold"}{"error":"Ticket is already sold"}{"error":"Ticket is already sold"}{"error":"Ticket is already sold"}{"error":"Ticket is already sold"}{"error":"Ticket is already sold"}{"error":"Ticket is already sold"}{"error":"Ticket is already sold"}{"error":"Ticket is already sold"}{"error":"Ticket is already sold"}{"error":"Ticket is already sold"}{"error":"Ticket is already sold"}{"error":"Ticket is already sold"}{"error":"Ticket is already sold"}{"error":"Ticket is already sold"}{"error":"Ticket is already sold"}{"error":"Ticket is already sold"}{"error":"Ticket is already sold"}{"error":"Ticket is already sold"}{"error":"Ticket is already sold"}{"error":"Ticket is already sold"}{"error":"Ticket is already sold"}{"error":"Ticket is already sold"}{"error":"Ticket is already sold"}{"message":"Ticket 10-33 successfully purchased by user_3555"}{"message":"Ticket 8-11 successfully purchased by user_364"}{"error":"Ticket is already sold"}{"error":"Ticket is already sold"}{"error":"Ticket is already sold"}{"error":"Ticket is already sold"}{"error":"Ticket is already sold"}{"error":"Ticket is already sold"}{"error":"Ticket is already sold"}{"error":"Ticket is already sold"}{"error":"Ticket is already sold"}{"error":"Ticket is already sold"}{"error":"Ticket is already sold"}{"error":"Ticket is already sold"}{"error":"Ticket is already sold"}{"error":"Ticket is already sold"}{"error":"Ticket is already sold"}{"error":"Ticket is already sold"}{"error":"Ticket is already sold"}{"error":"Ticket is already sold"}{"error":"Ticket is already sold"}{"error":"Ticket is already sold"}{"error":"Ticket is already sold"}{"error":"Ticket is already sold"}{"error":"Ticket is already sold"}{"error":"Ticket is already sold"}{"error":"Ticket is already sold"}{"error":"Ticket is already sold"}{"error":"Ticket is already sold"}{"error":"Ticket is already sold"}{"error":"Ticket is already sold"}{"error":"Ticket is already sold"}{"error":"Ticket is already sold"}{"error":"Ticket is already sold"}{"error":"Ticket is already sold"}{"error":"Ticket is already sold"}{"error":"Ticket is already sold"}{"error":"Ticket is already sold"}{"error":"Ticket is already sold"}{"error":"Ticket is already sold"}{"error":"Ticket is already sold"}{"error":"Ticket is already sold"}{"error":"Ticket is already sold"}{"error":"Ticket is already sold"}{"error":"Ticket is already sold"}{"error":"Ticket is already sold"}{"error":"Ticket is already sold"}{"message":"Ticket 7-22 successfully purchased by user_2593"}{"error":"Ticket is already sold"}{"error":"Ticket is already sold"}{"message":"Ticket 10-40 successfully purchased by user_9539"}{"error":"Ticket is already sold"}{"error":"Ticket is already sold"}{"error":"Ticket is already sold"}{"message":"Ticket 8-1 successfully purchased by user_4186"}{"error":"Ticket is already sold"}{"error":"Ticket is already sold"}{"error":"Ticket is already sold"}{"error":"Ticket is already sold"}{"error":"Ticket is already sold"}{"error":"Ticket is already sold"}{"error":"Ticket is already sold"}{"error":"Ticket is already sold"}{"error":"Ticket is already sold"}{"error":"Ticket is already sold"}{"error":"Ticket is already sold"}{"message":"Ticket 9-37 successfully purchased by user_8107"}{"error":"Ticket is already sold"}{"error":"Ticket is already sold"}{"error":"Ticket is already sold"}{"error":"Ticket is already sold"}{"error":"Ticket is already sold"}{"error":"Ticket is already sold"}{"error":"Ticket is already sold"}{"error":"Ticket is already sold"}{"error":"Ticket is already sold"}{"error":"Ticket is already sold"}{"error":"Ticket is already sold"}{"error":"Ticket is already sold"}{"error":"Ticket is already sold"}{"error":"Ticket is already sold"}{"error":"Ticket is already sold"}{"error":"Ticket is already sold"}{"error":"Ticket is already sold"}{"error":"Ticket is already sold"}{"error":"Ticket is already sold"}{"error":"Ticket is already sold"}{"error":"Ticket is already sold"}{"error":"Ticket is already sold"}{"error":"Ticket is already sold"}{"error":"Ticket is already sold"}{"error":"Ticket is already sold"}{"error":"Ticket is already sold"}{"error":"Ticket is already sold"}{"error":"Ticket is already sold"}{"error":"Ticket is already sold"}{"error":"Ticket is already sold"}{"error":"Ticket is already sold"}{"error":"Ticket is already sold"}{"error":"Ticket is already sold"}{"error":"Ticket is already sold"}{"error":"Ticket is already sold"}{"error":"Ticket is already sold"}{"error":"Ticket is already sold"}{"error":"Ticket is already sold"}{"error":"Ticket is already sold"}{"error":"Ticket is already sold"}{"error":"Ticket is already sold"}{"error":"Ticket is already sold"}{"error":"Ticket is already sold"}{"error":"Ticket is already sold"}{"error":"Ticket is already sold"}{"error":"Ticket is already sold"}{"error":"Ticket is already sold"}{"error":"Ticket is already sold"}{"error":"Ticket is already sold"}{"error":"Ticket is already sold"}{"error":"Ticket is already sold"}{"error":"Ticket is already sold"}{"error":"Ticket is already sold"}{"error":"Ticket is already sold"}{"message":"Ticket 5-40 successfully purchased by user_2626"}{"error":"Ticket is already sold"}{"error":"Ticket is already sold"}{"error":"Ticket is already sold"}{"error":"Ticket is already sold"}{"error":"Ticket is already sold"}{"error":"Ticket is already sold"}{"error":"Ticket is already sold"}{"error":"Ticket is already sold"}{"error":"Ticket is already sold"}{"error":"Ticket is already sold"}{"error":"Ticket is already sold"}{"error":"Ticket is already sold"}{"error":"Ticket is already sold"}{"error":"Ticket is already sold"}{"error":"Ticket is already sold"}{"error":"Ticket is already sold"}{"error":"Ticket is already sold"}{"error":"Ticket is already sold"}{"error":"Ticket is already sold"}{"error":"Ticket is already sold"}{"error":"Ticket is already sold"}{"error":"Ticket is already sold"}{"error":"Ticket is already sold"}{"error":"Ticket is already sold"}{"error":"Ticket is already sold"}{"error":"Ticket is already sold"}{"error":"Ticket is already sold"}{"error":"Ticket is already sold"}{"error":"Ticket is already sold"}{"error":"Ticket is already sold"}{"error":"Ticket is already sold"}{"error":"Ticket is already sold"}{"message":"Ticket 6-45 successfully purchased by user_4897"}{"error":"Ticket is already sold"}{"error":"Ticket is already sold"}{"error":"Ticket is already sold"}{"error":"Ticket is already sold"}{"error":"Ticket is already sold"}{"error":"Ticket is already sold"}{"error":"Ticket is already sold"}{"error":"Ticket is already sold"}{"error":"Ticket is already sold"}{"error":"Ticket is already sold"}{"error":"Ticket is already sold"}{"error":"Ticket is already sold"}{"error":"Ticket is already sold"}{"error":"Ticket is already sold"}{"error":"Ticket is already sold"}{"error":"Ticket is already sold"}{"error":"Ticket is already sold"}{"error":"Ticket is already sold"}{"error":"Ticket is already sold"}{"error":"Ticket is already sold"}{"error":"Ticket is already sold"}{"error":"Ticket is already sold"}{"error":"Ticket is already sold"}{"error":"Ticket is already sold"}{"error":"Ticket is already sold"}{"error":"Ticket is already sold"}{"error":"Ticket is already sold"}{"error":"Ticket is already sold"}{"error":"Ticket is already sold"}{"error":"Ticket is already sold"}{"error":"Ticket is already sold"}{"error":"Ticket is already sold"}{"error":"Ticket is already sold"}{"error":"Ticket is already sold"}{"error":"Ticket is already sold"}{"error":"Ticket is already sold"}{"error":"Ticket is already sold"}{"error":"Ticket is already sold"}{"error":"Ticket is already sold"}{"error":"Ticket is already sold"}{"error":"Ticket is already sold"}{"error":"Ticket is already sold"}{"error":"Ticket is already sold"}{"error":"Ticket is already sold"}{"error":"Ticket is already sold"}{"error":"Ticket is already sold"}{"error":"Ticket is already sold"}{"error":"Ticket is already sold"}{"error":"Ticket is already sold"}{"error":"Ticket is already sold"}{"error":"Ticket is already sold"}{"error":"Ticket is already sold"}{"error":"Ticket is already sold"}{"error":"Ticket is already sold"}{"error":"Ticket is already sold"}{"error":"Ticket is already sold"}{"error":"Ticket is already sold"}{"error":"Ticket is already sold"}{"error":"Ticket is already sold"}{"error":"Ticket is already sold"}{"error":"Ticket is already sold"}{"error":"Ticket is already sold"}{"error":"Ticket is already sold"}{"error":"Ticket is already sold"}{"error":"Ticket is already sold"}{"error":"Ticket is already sold"}{"error":"Ticket is already sold"}{"error":"Ticket is already sold"}{"error":"Ticket is already sold"}{"error":"Ticket is already sold"}{"error":"Ticket is already sold"}{"error":"Ticket is already sold"}{"error":"Ticket is already sold"}{"error":"Ticket is already sold"}{"error":"Ticket is already sold"}{"error":"Ticket is already sold"}{"error":"Ticket is already sold"}{"error":"Ticket is already sold"}{"error":"Ticket is already sold"}{"error":"Ticket is already sold"}{"error":"Ticket is already sold"}{"error":"Ticket is already sold"}{"error":"Ticket is already sold"}{"error":"Ticket is already sold"}{"error":"Ticket is already sold"}{"error":"Ticket is already sold"}{"error":"Ticket is already sold"}{"error":"Ticket is already sold"}{"error":"Ticket is already sold"}{"error":"Ticket is already sold"}{"error":"Ticket is already sold"}{"error":"Ticket is already sold"}{"message":"Ticket 6-31 successfully purchased by user_6362"}{"error":"Ticket is already sold"}{"error":"Ticket is already sold"}{"error":"Ticket is already sold"}{"error":"Ticket is already sold"}{"error":"Ticket is already sold"}{"error":"Ticket is already sold"}{"error":"Ticket is already sold"}{"error":"Ticket is already sold"}{"error":"Ticket is already sold"}{"error":"Ticket is already sold"}{"error":"Ticket is already sold"}{"error":"Ticket is already sold"}{"error":"Ticket is already sold"}{"error":"Ticket is already sold"}{"error":"Ticket is already sold"}{"error":"Ticket is already sold"}{"error":"Ticket is already sold"}{"error":"Ticket is already sold"}{"error":"Ticket is already sold"}{"error":"Ticket is already sold"}{"error":"Ticket is already sold"}{"error":"Ticket is already sold"}{"error":"Ticket is already sold"}{"error":"Ticket is already sold"}{"error":"Ticket is already sold"}{"error":"Ticket is already sold"}{"error":"Ticket is already sold"}{"error":"Ticket is already sold"}{"error":"Ticket is already sold"}{"error":"Ticket is already sold"}{"error":"Ticket is already sold"}{"error":"Ticket is already sold"}{"error":"Ticket is already sold"}{"error":"Ticket is already sold"}{"error":"Ticket is already sold"}{"error":"Ticket is already sold"}{"error":"Ticket is already sold"}{"error":"Ticket is already sold"}{"error":"Ticket is already sold"}{"message":"Ticket 5-37 successfully purchased by user_1639"}{"error":"Ticket is already sold"}{"message":"Ticket 9-32 successfully purchased by user_6365"}{"error":"Ticket is already sold"}{"error":"Ticket is already sold"}{"message":"Ticket 5-24 successfully purchased by user_2536"}{"error":"Ticket is already sold"}{"error":"Ticket is already sold"}{"error":"Ticket is already sold"}{"error":"Ticket is already sold"}{"error":"Ticket is already sold"}{"error":"Ticket is already sold"}{"error":"Ticket is already sold"}{"error":"Ticket is already sold"}{"error":"Ticket is already sold"}{"error":"Ticket is already sold"}{"error":"Ticket is already sold"}{"error":"Ticket is already sold"}{"error":"Ticket is already sold"}{"error":"Ticket is already sold"}{"error":"Ticket is already sold"}{"error":"Ticket is already sold"}{"error":"Ticket is already sold"}{"error":"Ticket is already sold"}{"error":"Ticket is already sold"}{"error":"Ticket is already sold"}{"error":"Ticket is already sold"}{"error":"Ticket is already sold"}{"error":"Ticket is already sold"}{"message":"Ticket 10-46 successfully purchased by user_5985"}{"error":"Ticket is already sold"}{"error":"Ticket is currently being purchased by another user"}{"error":"Ticket is already sold"}{"error":"Ticket is already sold"}{"error":"Ticket is already sold"}{"error":"Ticket is already sold"}{"error":"Ticket is already sold"}{"error":"Ticket is already sold"}{"error":"Ticket is already sold"}{"error":"Ticket is already sold"}{"error":"Ticket is already sold"}{"error":"Ticket is already sold"}{"error":"Ticket is already sold"}{"error":"Ticket is already sold"}{"error":"Ticket is already sold"}{"error":"Ticket is already sold"}{"error":"Ticket is already sold"}{"error":"Ticket is already sold"}{"error":"Ticket is already sold"}{"error":"Ticket is already sold"}{"error":"Ticket is already sold"}{"error":"Ticket is already sold"}{"error":"Ticket is already sold"}{"error":"Ticket is already sold"}{"error":"Ticket is already sold"}{"error":"Ticket is already sold"}{"error":"Ticket is already sold"}{"error":"Ticket is already sold"}{"error":"Ticket is already sold"}{"error":"Ticket is already sold"}{"error":"Ticket is already sold"}{"error":"Ticket is already sold"}{"error":"Ticket is already sold"}{"error":"Ticket is already sold"}{"error":"Ticket is already sold"}{"error":"Ticket is already sold"}{"error":"Ticket is already sold"}{"error":"Ticket is already sold"}{"error":"Ticket is already sold"}{"error":"Ticket is already sold"}{"error":"Ticket is already sold"}{"error":"Ticket is already sold"}{"error":"Ticket is already sold"}{"error":"Ticket is already sold"}{"error":"Ticket is already sold"}{"error":"Ticket is already sold"}{"error":"Ticket is already sold"}{"error":"Ticket is already sold"}{"error":"Ticket is already sold"}{"error":"Ticket is already sold"}{"error":"Ticket is already sold"}{"error":"Ticket is already sold"}{"error":"Ticket is already sold"}{"error":"Ticket is already sold"}{"error":"Ticket is already sold"}{"error":"Ticket is already sold"}{"error":"Ticket is already sold"}{"error":"Ticket is already sold"}{"error":"Ticket is already sold"}{"error":"Ticket is already sold"}{"error":"Ticket is already sold"}{"error":"Ticket is already sold"}{"error":"Ticket is already sold"}{"error":"Ticket is already sold"}{"error":"Ticket is already sold"}{"error":"Ticket is already sold"}{"error":"Ticket is already sold"}{"error":"Ticket is already sold"}{"error":"Ticket is already sold"}{"error":"Ticket is already sold"}{"error":"Ticket is already sold"}{"error":"Ticket is already sold"}{"error":"Ticket is already sold"}{"error":"Ticket is already sold"}{"error":"Ticket is already sold"}{"error":"Ticket is already sold"}{"error":"Ticket is already sold"}{"error":"Ticket is already sold"}{"error":"Ticket is already sold"}{"error":"Ticket is already sold"}{"error":"Ticket is already sold"}{"error":"Ticket is already sold"}{"error":"Ticket is already sold"}{"error":"Ticket is already sold"}{"error":"Ticket is already sold"}{"error":"Ticket is already sold"}{"error":"Ticket is already sold"}{"error":"Ticket is already sold"}{"error":"Ticket is already sold"}{"error":"Ticket is already sold"}{"error":"Ticket is already sold"}{"error":"Ticket is already sold"}{"error":"Ticket is already sold"}{"error":"Ticket is already sold"}{"error":"Ticket is already sold"}{"error":"Ticket is already sold"}{"error":"Ticket is already sold"}{"error":"Ticket is already sold"}{"error":"Ticket is already sold"}{"error":"Ticket is already sold"}{"error":"Ticket is already sold"}{"error":"Ticket is already sold"}{"error":"Ticket is already sold"}{"error":"Ticket is already sold"}{"error":"Ticket is already sold"}{"error":"Ticket is already sold"}{"error":"Ticket is already sold"}{"error":"Ticket is already sold"}{"error":"Ticket is already sold"}{"error":"Ticket is already sold"}{"error":"Ticket is already sold"}{"error":"Ticket is already sold"}{"error":"Ticket is already sold"}{"error":"Ticket is already sold"}{"error":"Ticket is already sold"}{"error":"Ticket is already sold"}{"error":"Ticket is already sold"}{"error":"Ticket is already sold"}{"error":"Ticket is already sold"}{"error":"Ticket is already sold"}{"error":"Ticket is already sold"}{"error":"Ticket is already sold"}{"error":"Ticket is already sold"}{"error":"Ticket is already sold"}{"error":"Ticket is already sold"}{"error":"Ticket is already sold"}{"error":"Ticket is already sold"}{"error":"Ticket is already sold"}{"error":"Ticket is already sold"}{"error":"Ticket is already sold"}{"error":"Ticket is already sold"}{"error":"Ticket is already sold"}{"error":"Ticket is already sold"}{"error":"Ticket is already sold"}{"error":"Ticket is already sold"}{"error":"Ticket is already sold"}{"error":"Ticket is already sold"}{"error":"Ticket is already sold"}{"error":"Ticket is already sold"}{"error":"Ticket is already sold"}{"error":"Ticket is already sold"}{"error":"Ticket is already sold"}{"error":"Ticket is already sold"}{"error":"Ticket is already sold"}{"error":"Ticket is already sold"}{"error":"Ticket is already sold"}{"error":"Ticket is already sold"}{"error":"Ticket is already sold"}{"error":"Ticket is already sold"}{"error":"Ticket is already sold"}{"error":"Ticket is already sold"}{"error":"Ticket is already sold"}{"error":"Ticket is already sold"}{"error":"Ticket is already sold"}{"error":"Ticket is already sold"}{"error":"Ticket is already sold"}{"error":"Ticket is already sold"}{"error":"Ticket is already sold"}{"error":"Ticket is already sold"}{"error":"Ticket is already sold"}{"error":"Ticket is already sold"}{"error":"Ticket is already sold"}{"error":"Ticket is already sold"}{"error":"Ticket is already sold"}{"error":"Ticket is already sold"}{"error":"Ticket is already sold"}{"error":"Ticket is already sold"}{"error":"Ticket is already sold"}{"error":"Ticket is already sold"}{"error":"Ticket is already sold"}{"error":"Ticket is already sold"}{"error":"Ticket is already sold"}{"error":"Ticket is already sold"}{"error":"Ticket is already sold"}{"error":"Ticket is already sold"}{"error":"Ticket is already sold"}{"error":"Ticket is already sold"}{"error":"Ticket is already sold"}{"error":"Ticket is already sold"}{"error":"Ticket is already sold"}{"error":"Ticket is already sold"}{"error":"Ticket is already sold"}{"error":"Ticket is already sold"}{"error":"Ticket is already sold"}{"error":"Ticket is already sold"}{"error":"Ticket is already sold"}{"error":"Ticket is already sold"}{"error":"Ticket is already sold"}{"error":"Ticket is already sold"}{"error":"Ticket is already sold"}{"error":"Ticket is already sold"}{"error":"Ticket is already sold"}{"error":"Ticket is already sold"}{"error":"Ticket is already sold"}{"error":"Ticket is currently being purchased by another user"}{"error":"Ticket is already sold"}{"error":"Ticket is already sold"}{"error":"Ticket is already sold"}{"message":"Ticket 10-32 successfully purchased by user_8135"}{"error":"Ticket is already sold"}{"error":"Ticket is already sold"}{"error":"Ticket is already sold"}{"error":"Ticket is already sold"}{"error":"Ticket is already sold"}{"error":"Ticket is already sold"}{"error":"Ticket is already sold"}{"error":"Ticket is already sold"}{"error":"Ticket is already sold"}{"error":"Ticket is already sold"}{"error":"Ticket is already sold"}{"error":"Ticket is already sold"}{"error":"Ticket is already sold"}{"error":"Ticket is already sold"}{"error":"Ticket is already sold"}{"error":"Ticket is already sold"}{"error":"Ticket is already sold"}{"error":"Ticket is already sold"}{"error":"Ticket is already sold"}{"error":"Ticket is already sold"}{"error":"Ticket is already sold"}{"error":"Ticket is already sold"}{"error":"Ticket is already sold"}{"error":"Ticket is already sold"}{"error":"Ticket is already sold"}{"error":"Ticket is already sold"}{"error":"Ticket is already sold"}{"error":"Ticket is already sold"}{"error":"Ticket is already sold"}{"error":"Ticket is already sold"}{"error":"Ticket is already sold"}{"error":"Ticket is already sold"}{"error":"Ticket is already sold"}{"error":"Ticket is already sold"}{"error":"Ticket is already sold"}{"error":"Ticket is already sold"}{"error":"Ticket is already sold"}{"error":"Ticket is already sold"}{"error":"Ticket is already sold"}{"error":"Ticket is already sold"}{"error":"Ticket is already sold"}{"error":"Ticket is already sold"}{"error":"Ticket is already sold"}{"error":"Ticket is already sold"}{"error":"Ticket is already sold"}{"error":"Ticket is already sold"}{"message":"Ticket 7-18 successfully purchased by user_8017"}{"error":"Ticket is already sold"}{"error":"Ticket is already sold"}{"error":"Ticket is already sold"}{"error":"Ticket is already sold"}{"error":"Ticket is already sold"}{"error":"Ticket is already sold"}{"error":"Ticket is already sold"}{"error":"Ticket is already sold"}{"error":"Ticket is already sold"}{"error":"Ticket is already sold"}{"error":"Ticket is already sold"}{"error":"Ticket is already sold"}{"error":"Ticket is already sold"}{"error":"Ticket is already sold"}{"error":"Ticket is already sold"}{"error":"Ticket is already sold"}{"error":"Ticket is already sold"}{"error":"Ticket is already sold"}{"error":"Ticket is already sold"}{"error":"Ticket is already sold"}{"error":"Ticket is already sold"}{"error":"Ticket is already sold"}{"error":"Ticket is already sold"}{"error":"Ticket is already sold"}{"error":"Ticket is already sold"}{"error":"Ticket is already sold"}{"error":"Ticket is already sold"}{"error":"Ticket is already sold"}{"error":"Ticket is already sold"}{"error":"Ticket is already sold"}{"error":"Ticket is already sold"}{"error":"Ticket is already sold"}{"error":"Ticket is already sold"}{"message":"Ticket 6-8 successfully purchased by user_5823"}{"error":"Ticket is already sold"}{"error":"Ticket is already sold"}{"error":"Ticket is already sold"}{"error":"Ticket is already sold"}{"error":"Ticket is already sold"}{"error":"Ticket is already sold"}{"error":"Ticket is already sold"}{"error":"Ticket is already sold"}{"error":"Ticket is already sold"}{"error":"Ticket is already sold"}{"error":"Ticket is already sold"}{"error":"Ticket is already sold"}{"error":"Ticket is already sold"}{"error":"Ticket is already sold"}{"error":"Ticket is already sold"}{"error":"Ticket is already sold"}{"error":"Ticket is already sold"}{"error":"Ticket is already sold"}{"error":"Ticket is already sold"}{"error":"Ticket is already sold"}{"error":"Ticket is already sold"}{"error":"Ticket is already sold"}{"error":"Ticket is already sold"}{"error":"Ticket is already sold"}{"error":"Ticket is already sold"}{"error":"Ticket is already sold"}{"error":"Ticket is already sold"}{"error":"Ticket is already sold"}{"error":"Ticket is already sold"}{"error":"Ticket is already sold"}{"error":"Ticket is already sold"}{"error":"Ticket is already sold"}{"error":"Ticket is already sold"}{"error":"Ticket is already sold"}{"error":"Ticket is already sold"}{"error":"Ticket is already sold"}{"error":"Ticket is already sold"}{"error":"Ticket is already sold"}{"error":"Ticket is already sold"}{"error":"Ticket is already sold"}{"error":"Ticket is already sold"}{"error":"Ticket is already sold"}{"error":"Ticket is already sold"}{"error":"Ticket is already sold"}{"error":"Ticket is already sold"}{"error":"Ticket is already sold"}{"error":"Ticket is already sold"}{"error":"Ticket is already sold"}{"error":"Ticket is already sold"}{"error":"Ticket is already sold"}{"error":"Ticket is already sold"}{"error":"Ticket is already sold"}{"error":"Ticket is already sold"}{"error":"Ticket is already sold"}{"error":"Ticket is already sold"}{"error":"Ticket is already sold"}{"error":"Ticket is already sold"}{"error":"Ticket is already sold"}{"error":"Ticket is already sold"}{"error":"Ticket is already sold"}{"error":"Ticket is already sold"}{"error":"Ticket is already sold"}{"error":"Ticket is already sold"}{"error":"Ticket is already sold"}{"error":"Ticket is already sold"}{"error":"Ticket is already sold"}{"error":"Ticket is already sold"}{"error":"Ticket is already sold"}{"error":"Ticket is already sold"}{"error":"Ticket is already sold"}{"error":"Ticket is already sold"}{"error":"Ticket is already sold"}{"error":"Ticket is already sold"}{"error":"Ticket is already sold"}{"error":"Ticket is already sold"}{"error":"Ticket is already sold"}{"error":"Ticket is already sold"}{"error":"Ticket is already sold"}{"error":"Ticket is already sold"}{"error":"Ticket is already sold"}{"error":"Ticket is already sold"}{"error":"Ticket is already sold"}{"error":"Ticket is already sold"}{"error":"Ticket is already sold"}{"error":"Ticket is already sold"}{"error":"Ticket is already sold"}{"error":"Ticket is already sold"}{"error":"Ticket is already sold"}{"error":"Ticket is already sold"}{"error":"Ticket is already sold"}{"error":"Ticket is already sold"}{"error":"Ticket is already sold"}{"error":"Ticket is already sold"}{"error":"Ticket is already sold"}{"error":"Ticket is already sold"}{"error":"Ticket is already sold"}{"error":"Ticket is already sold"}{"error":"Ticket is already sold"}{"error":"Ticket is already sold"}{"error":"Ticket is already sold"}{"error":"Ticket is already sold"}{"error":"Ticket is already sold"}{"error":"Ticket is already sold"}{"error":"Ticket is already sold"}{"error":"Ticket is already sold"}{"error":"Ticket is already sold"}{"error":"Ticket is already sold"}{"error":"Ticket is already sold"}{"error":"Ticket is already sold"}{"error":"Ticket is already sold"}{"error":"Ticket is already sold"}{"error":"Ticket is already sold"}{"error":"Ticket is already sold"}{"error":"Ticket is already sold"}{"error":"Ticket is already sold"}{"error":"Ticket is already sold"}{"error":"Ticket is already sold"}{"error":"Ticket is already sold"}{"error":"Ticket is already sold"}{"error":"Ticket is already sold"}{"error":"Ticket is already sold"}{"error":"Ticket is already sold"}{"error":"Ticket is already sold"}{"error":"Ticket is already sold"}{"error":"Ticket is already sold"}{"error":"Ticket is already sold"}{"error":"Ticket is already sold"}{"error":"Ticket is already sold"}{"error":"Ticket is already sold"}{"error":"Ticket is already sold"}{"error":"Ticket is already sold"}{"error":"Ticket is already sold"}{"error":"Ticket is already sold"}{"error":"Ticket is already sold"}{"error":"Ticket is already sold"}{"error":"Ticket is already sold"}{"error":"Ticket is already sold"}{"error":"Ticket is already sold"}{"error":"Ticket is already sold"}{"error":"Ticket is already sold"}{"error":"Ticket is already sold"}{"error":"Ticket is already sold"}{"error":"Ticket is already sold"}{"error":"Ticket is already sold"}{"error":"Ticket is already sold"}{"error":"Ticket is already sold"}{"error":"Ticket is already sold"}{"error":"Ticket is already sold"}{"error":"Ticket is already sold"}{"error":"Ticket is already sold"}{"error":"Ticket is already sold"}{"error":"Ticket is already sold"}{"error":"Ticket is already sold"}{"error":"Ticket is already sold"}{"error":"Ticket is already sold"}{"error":"Ticket is already sold"}{"error":"Ticket is already sold"}{"error":"Ticket is already sold"}{"error":"Ticket is already sold"}{"error":"Ticket is already sold"}{"error":"Ticket is already sold"}{"error":"Ticket is already sold"}{"error":"Ticket is already sold"}{"error":"Ticket is already sold"}{"error":"Ticket is already sold"}{"error":"Ticket is already sold"}{"error":"Ticket is already sold"}{"message":"Ticket 9-26 successfully purchased by user_6346"}{"message":"Ticket 8-24 successfully purchased by user_7314"}{"error":"Ticket is already sold"}{"error":"Ticket is already sold"}{"error":"Ticket is already sold"}{"error":"Ticket is already sold"}{"error":"Ticket is already sold"}{"error":"Ticket is already sold"}{"error":"Ticket is already sold"}{"error":"Ticket is already sold"}{"error":"Ticket is already sold"}{"error":"Ticket is already sold"}{"error":"Ticket is already sold"}{"error":"Ticket is already sold"}{"error":"Ticket is already sold"}{"error":"Ticket is already sold"}{"error":"Ticket is already sold"}{"error":"Ticket is already sold"}{"error":"Ticket is already sold"}{"error":"Ticket is already sold"}{"error":"Ticket is already sold"}{"error":"Ticket is already sold"}{"error":"Ticket is already sold"}{"error":"Ticket is already sold"}{"error":"Ticket is already sold"}{"error":"Ticket is already sold"}{"error":"Ticket is already sold"}{"error":"Ticket is already sold"}{"error":"Ticket is already sold"}{"error":"Ticket is already sold"}{"error":"Ticket is already sold"}{"error":"Ticket is already sold"}{"error":"Ticket is already sold"}{"error":"Ticket is already sold"}{"error":"Ticket is already sold"}{"error":"Ticket is already sold"}{"error":"Ticket is already sold"}{"error":"Ticket is already sold"}{"error":"Ticket is already sold"}{"error":"Ticket is already sold"}{"error":"Ticket is already sold"}{"message":"Ticket 8-13 successfully purchased by user_7663"}{"error":"Ticket is already sold"}{"error":"Ticket is already sold"}{"error":"Ticket is already sold"}{"error":"Ticket is already sold"}{"error":"Ticket is already sold"}{"error":"Ticket is already sold"}{"error":"Ticket is already sold"}{"error":"Ticket is already sold"}{"error":"Ticket is already sold"}{"error":"Ticket is already sold"}{"error":"Ticket is already sold"}{"error":"Ticket is already sold"}{"error":"Ticket is already sold"}{"error":"Ticket is already sold"}{"error":"Ticket is already sold"}{"error":"Ticket is already sold"}{"error":"Ticket is already sold"}{"error":"Ticket is already sold"}{"error":"Ticket is already sold"}{"error":"Ticket is already sold"}{"error":"Ticket is already sold"}{"error":"Ticket is already sold"}{"error":"Ticket is already sold"}{"error":"Ticket is already sold"}{"error":"Ticket is already sold"}{"error":"Ticket is already sold"}{"error":"Ticket is already sold"}{"error":"Ticket is already sold"}{"error":"Ticket is already sold"}{"error":"Ticket is already sold"}{"error":"Ticket is already sold"}{"error":"Ticket is already sold"}{"error":"Ticket is already sold"}{"error":"Ticket is already sold"}{"error":"Ticket is already sold"}{"error":"Ticket is already sold"}{"message":"Ticket 9-43 successfully purchased by user_4458"}{"error":"Ticket is already sold"}{"error":"Ticket is already sold"}{"error":"Ticket is already sold"}{"error":"Ticket is already sold"}{"error":"Ticket is already sold"}{"error":"Ticket is already sold"}{"error":"Ticket is already sold"}{"error":"Ticket is already sold"}{"error":"Ticket is already sold"}{"error":"Ticket is already sold"}{"error":"Ticket is already sold"}{"error":"Ticket is already sold"}{"error":"Ticket is already sold"}{"error":"Ticket is already sold"}{"error":"Ticket is already sold"}{"error":"Ticket is already sold"}{"error":"Ticket is already sold"}{"error":"Ticket is already sold"}{"error":"Ticket is already sold"}{"error":"Ticket is already sold"}{"error":"Ticket is already sold"}{"error":"Ticket is already sold"}{"error":"Ticket is already sold"}{"error":"Ticket is already sold"}{"error":"Ticket is already sold"}{"error":"Ticket is already sold"}{"error":"Ticket is already sold"}{"error":"Ticket is already sold"}{"error":"Ticket is already sold"}{"error":"Ticket is already sold"}{"error":"Ticket is already sold"}{"error":"Ticket is already sold"}{"error":"Ticket is already sold"}{"error":"Ticket is already sold"}{"error":"Ticket is already sold"}{"error":"Ticket is already sold"}{"error":"Ticket is already sold"}{"error":"Ticket is already sold"}{"error":"Ticket is already sold"}{"error":"Ticket is already sold"}{"error":"Ticket is already sold"}{"error":"Ticket is already sold"}{"error":"Ticket is already sold"}{"error":"Ticket is already sold"}{"error":"Ticket is already sold"}{"error":"Ticket is already sold"}{"error":"Ticket is already sold"}{"error":"Ticket is already sold"}{"error":"Ticket is already sold"}{"error":"Ticket is already sold"}{"error":"Ticket is already sold"}{"error":"Ticket is already sold"}{"error":"Ticket is already sold"}{"error":"Ticket is already sold"}{"error":"Ticket is already sold"}{"message":"Ticket 8-16 successfully purchased by user_2442"}{"error":"Ticket is already sold"}{"error":"Ticket is already sold"}{"error":"Ticket is already sold"}{"error":"Ticket is already sold"}{"error":"Ticket is already sold"}{"error":"Ticket is already sold"}{"error":"Ticket is already sold"}{"error":"Ticket is already sold"}{"error":"Ticket is already sold"}{"error":"Ticket is already sold"}{"error":"Ticket is already sold"}{"error":"Ticket is already sold"}{"error":"Ticket is already sold"}{"error":"Ticket is already sold"}{"error":"Ticket is already sold"}{"error":"Ticket is already sold"}{"error":"Ticket is already sold"}{"error":"Ticket is already sold"}{"error":"Ticket is already sold"}{"error":"Ticket is already sold"}{"error":"Ticket is already sold"}{"error":"Ticket is already sold"}{"error":"Ticket is already sold"}{"error":"Ticket is already sold"}{"error":"Ticket is already sold"}{"error":"Ticket is already sold"}{"error":"Ticket is already sold"}{"error":"Ticket is already sold"}{"error":"Ticket is already sold"}{"error":"Ticket is already sold"}{"error":"Ticket is already sold"}{"error":"Ticket is already sold"}{"error":"Ticket is already sold"}{"error":"Ticket is already sold"}{"error":"Ticket is already sold"}{"error":"Ticket is already sold"}{"error":"Ticket is already sold"}{"error":"Ticket is already sold"}{"error":"Ticket is already sold"}{"error":"Ticket is already sold"}{"error":"Ticket is already sold"}{"error":"Ticket is already sold"}{"error":"Ticket is already sold"}{"error":"Ticket is already sold"}{"error":"Ticket is already sold"}{"error":"Ticket is already sold"}{"error":"Ticket is already sold"}{"error":"Ticket is already sold"}{"error":"Ticket is already sold"}{"error":"Ticket is already sold"}{"error":"Ticket is already sold"}{"error":"Ticket is already sold"}{"error":"Ticket is already sold"}{"error":"Ticket is already sold"}{"error":"Ticket is already sold"}{"error":"Ticket is already sold"}{"error":"Ticket is already sold"}{"error":"Ticket is already sold"}{"error":"Ticket is already sold"}{"error":"Ticket is already sold"}{"error":"Ticket is already sold"}{"error":"Ticket is already sold"}{"error":"Ticket is already sold"}{"error":"Ticket is already sold"}{"error":"Ticket is already sold"}{"error":"Ticket is already sold"}{"error":"Ticket is already sold"}{"error":"Ticket is already sold"}{"error":"Ticket is already sold"}{"error":"Ticket is already sold"}{"message":"Ticket 10-43 successfully purchased by user_1124"}{"error":"Ticket is already sold"}{"error":"Ticket is already sold"}{"error":"Ticket is already sold"}{"error":"Ticket is already sold"}{"error":"Ticket is already sold"}{"error":"Ticket is already sold"}{"error":"Ticket is already sold"}{"error":"Ticket is already sold"}{"error":"Ticket is already sold"}{"message":"Ticket 7-5 successfully purchased by user_5731"}{"error":"Ticket is already sold"}{"error":"Ticket is already sold"}{"error":"Ticket is already sold"}{"error":"Ticket is already sold"}{"error":"Ticket is already sold"}{"error":"Ticket is already sold"}{"error":"Ticket is already sold"}{"error":"Ticket is already sold"}{"error":"Ticket is already sold"}{"error":"Ticket is already sold"}{"error":"Ticket is already sold"}{"error":"Ticket is already sold"}{"error":"Ticket is already sold"}{"error":"Ticket is already sold"}{"error":"Ticket is already sold"}{"error":"Ticket is already sold"}{"error":"Ticket is already sold"}{"error":"Ticket is already sold"}{"error":"Ticket is already sold"}{"error":"Ticket is already sold"}{"error":"Ticket is already sold"}{"error":"Ticket is already sold"}{"error":"Ticket is already sold"}{"error":"Ticket is already sold"}{"error":"Ticket is already sold"}{"error":"Ticket is already sold"}{"error":"Ticket is already sold"}{"error":"Ticket is already sold"}{"error":"Ticket is already sold"}{"error":"Ticket is already sold"}{"error":"Ticket is already sold"}{"error":"Ticket is already sold"}{"error":"Ticket is already sold"}{"error":"Ticket is already sold"}{"error":"Ticket is already sold"}{"error":"Ticket is already sold"}{"error":"Ticket is already sold"}{"message":"Ticket 7-9 successfully purchased by user_7695"}{"error":"Ticket is already sold"}{"error":"Ticket is already sold"}{"error":"Ticket is already sold"}{"error":"Ticket is already sold"}{"error":"Ticket is already sold"}{"error":"Ticket is already sold"}{"error":"Ticket is already sold"}{"error":"Ticket is already sold"}{"error":"Ticket is already sold"}{"error":"Ticket is already sold"}{"error":"Ticket is already sold"}{"error":"Ticket is already sold"}{"error":"Ticket is already sold"}{"error":"Ticket is already sold"}{"error":"Ticket is already sold"}{"error":"Ticket is already sold"}{"error":"Ticket is already sold"}{"error":"Ticket is already sold"}{"error":"Ticket is already sold"}{"error":"Ticket is already sold"}{"error":"Ticket is already sold"}{"error":"Ticket is already sold"}{"error":"Ticket is already sold"}{"error":"Ticket is already sold"}{"error":"Ticket is already sold"}{"error":"Ticket is already sold"}{"error":"Ticket is already sold"}{"error":"Ticket is already sold"}{"error":"Ticket is already sold"}{"error":"Ticket is already sold"}{"error":"Ticket is already sold"}{"error":"Ticket is already sold"}{"error":"Ticket is already sold"}{"error":"Ticket is already sold"}{"error":"Ticket is already sold"}{"error":"Ticket is already sold"}{"error":"Ticket is already sold"}{"error":"Ticket is already sold"}{"error":"Ticket is already sold"}{"error":"Ticket is already sold"}{"error":"Ticket is already sold"}{"error":"Ticket is already sold"}{"error":"Ticket is already sold"}{"error":"Ticket is already sold"}{"error":"Ticket is already sold"}{"error":"Ticket is already sold"}{"error":"Ticket is already sold"}{"error":"Ticket is already sold"}{"error":"Ticket is already sold"}{"error":"Ticket is already sold"}{"error":"Ticket is already sold"}{"error":"Ticket is already sold"}{"error":"Ticket is already sold"}{"error":"Ticket is already sold"}{"error":"Ticket is already sold"}{"error":"Ticket is already sold"}{"error":"Ticket is already sold"}{"error":"Ticket is already sold"}{"error":"Ticket is already sold"}{"error":"Ticket is already sold"}{"error":"Ticket is already sold"}{"error":"Ticket is already sold"}{"error":"Ticket is already sold"}{"error":"Ticket is already sold"}{"error":"Ticket is already sold"}{"error":"Ticket is already sold"}{"error":"Ticket is already sold"}{"error":"Ticket is already sold"}{"error":"Ticket is already sold"}{"error":"Ticket is already sold"}{"error":"Ticket is already sold"}{"error":"Ticket is already sold"}{"error":"Ticket is already sold"}{"error":"Ticket is already sold"}{"error":"Ticket is already sold"}{"error":"Ticket is already sold"}{"error":"Ticket is already sold"}{"error":"Ticket is already sold"}{"error":"Ticket is already sold"}{"error":"Ticket is already sold"}{"error":"Ticket is already sold"}{"error":"Ticket is already sold"}{"error":"Ticket is already sold"}{"error":"Ticket is already sold"}{"error":"Ticket is already sold"}{"error":"Ticket is already sold"}{"error":"Ticket is already sold"}{"error":"Ticket is already sold"}{"error":"Ticket is already sold"}{"error":"Ticket is already sold"}{"error":"Ticket is already sold"}{"error":"Ticket is already sold"}{"error":"Ticket is already sold"}{"error":"Ticket is already sold"}{"error":"Ticket is already sold"}{"error":"Ticket is already sold"}{"error":"Ticket is already sold"}{"error":"Ticket is already sold"}{"error":"Ticket is already sold"}{"error":"Ticket is already sold"}{"error":"Ticket is already sold"}{"error":"Ticket is already sold"}{"error":"Ticket is already sold"}{"error":"Ticket is already sold"}{"error":"Ticket is already sold"}{"error":"Ticket is already sold"}{"error":"Ticket is already sold"}{"error":"Ticket is already sold"}{"error":"Ticket is already sold"}{"error":"Ticket is already sold"}{"error":"Ticket is already sold"}{"error":"Ticket is already sold"}{"error":"Ticket is already sold"}{"error":"Ticket is already sold"}{"error":"Ticket is already sold"}{"error":"Ticket is already sold"}{"error":"Ticket is already sold"}{"error":"Ticket is already sold"}{"error":"Ticket is already sold"}{"error":"Ticket is already sold"}{"error":"Ticket is already sold"}{"error":"Ticket is already sold"}{"error":"Ticket is already sold"}{"error":"Ticket is already sold"}{"error":"Ticket is already sold"}{"error":"Ticket is already sold"}{"error":"Ticket is already sold"}{"error":"Ticket is already sold"}{"error":"Ticket is already sold"}{"error":"Ticket is already sold"}{"error":"Ticket is already sold"}{"error":"Ticket is already sold"}{"error":"Ticket is already sold"}{"error":"Ticket is already sold"}{"error":"Ticket is already sold"}{"error":"Ticket is already sold"}{"error":"Ticket is already sold"}{"error":"Ticket is already sold"}{"error":"Ticket is already sold"}{"error":"Ticket is already sold"}{"error":"Ticket is already sold"}{"error":"Ticket is already sold"}{"error":"Ticket is already sold"}{"error":"Ticket is already sold"}{"error":"Ticket is already sold"}{"error":"Ticket is already sold"}{"error":"Ticket is already sold"}{"error":"Ticket is already sold"}{"error":"Ticket is already sold"}{"error":"Ticket is already sold"}{"error":"Ticket is already sold"}{"error":"Ticket is already sold"}{"error":"Ticket is already sold"}{"error":"Ticket is already sold"}{"error":"Ticket is already sold"}{"error":"Ticket is already sold"}{"error":"Ticket is already sold"}{"error":"Ticket is already sold"}{"error":"Ticket is already sold"}{"error":"Ticket is already sold"}{"error":"Ticket is already sold"}{"error":"Ticket is already sold"}{"error":"Ticket is already sold"}{"error":"Ticket is already sold"}{"error":"Ticket is already sold"}{"error":"Ticket is already sold"}{"error":"Ticket is already sold"}{"error":"Ticket is already sold"}{"error":"Ticket is already sold"}{"error":"Ticket is already sold"}{"error":"Ticket is already sold"}{"error":"Ticket is already sold"}{"error":"Ticket is already sold"}{"error":"Ticket is already sold"}{"error":"Ticket is already sold"}{"error":"Ticket is already sold"}{"error":"Ticket is already sold"}{"error":"Ticket is already sold"}{"error":"Ticket is already sold"}{"error":"Ticket is already sold"}{"error":"Ticket is already sold"}{"error":"Ticket is already sold"}{"error":"Ticket is already sold"}{"error":"Ticket is already sold"}{"error":"Ticket is already sold"}{"error":"Ticket is already sold"}{"error":"Ticket is already sold"}{"error":"Ticket is already sold"}{"error":"Ticket is already sold"}{"error":"Ticket is already sold"}{"error":"Ticket is already sold"}{"error":"Ticket is already sold"}{"error":"Ticket is already sold"}{"error":"Ticket is already sold"}{"error":"Ticket is already sold"}{"error":"Ticket is already sold"}{"error":"Ticket is already sold"}{"error":"Ticket is already sold"}{"error":"Ticket is already sold"}{"error":"Ticket is already sold"}{"error":"Ticket is already sold"}{"error":"Ticket is already sold"}{"error":"Ticket is already sold"}{"error":"Ticket is already sold"}{"error":"Ticket is already sold"}{"error":"Ticket is already sold"}{"error":"Ticket is already sold"}{"error":"Ticket is already sold"}{"error":"Ticket is already sold"}{"error":"Ticket is already sold"}{"error":"Ticket is already sold"}{"error":"Ticket is already sold"}{"error":"Ticket is already sold"}{"error":"Ticket is already sold"}{"error":"Ticket is already sold"}{"error":"Ticket is already sold"}{"error":"Ticket is already sold"}{"error":"Ticket is already sold"}{"error":"Ticket is already sold"}{"error":"Ticket is already sold"}{"error":"Ticket is already sold"}{"error":"Ticket is already sold"}{"error":"Ticket is already sold"}{"error":"Ticket is already sold"}{"error":"Ticket is already sold"}{"error":"Ticket is already sold"}{"error":"Ticket is already sold"}{"error":"Ticket is already sold"}{"error":"Ticket is already sold"}{"error":"Ticket is already sold"}{"error":"Ticket is already sold"}{"error":"Ticket is already sold"}{"error":"Ticket is already sold"}{"error":"Ticket is already sold"}{"error":"Ticket is already sold"}{"error":"Ticket is already sold"}{"error":"Ticket is already sold"}{"error":"Ticket is already sold"}{"error":"Ticket is already sold"}{"error":"Ticket is already sold"}{"error":"Ticket is already sold"}{"error":"Ticket is already sold"}{"error":"Ticket is already sold"}{"error":"Ticket is already sold"}{"error":"Ticket is already sold"}{"error":"Ticket is already sold"}{"error":"Ticket is already sold"}{"error":"Ticket is already sold"}{"error":"Ticket is already sold"}{"error":"Ticket is already sold"}{"error":"Ticket is already sold"}{"error":"Ticket is already sold"}{"error":"Ticket is already sold"}{"error":"Ticket is already sold"}{"error":"Ticket is already sold"}{"error":"Ticket is already sold"}{"error":"Ticket is already sold"}{"error":"Ticket is already sold"}{"error":"Ticket is already sold"}{"error":"Ticket is already sold"}{"error":"Ticket is already sold"}{"error":"Ticket is already sold"}{"error":"Ticket is already sold"}{"error":"Ticket is already sold"}{"error":"Ticket is already sold"}{"error":"Ticket is already sold"}{"error":"Ticket is already sold"}{"error":"Ticket is already sold"}{"error":"Ticket is already sold"}{"error":"Ticket is already sold"}{"error":"Ticket is already sold"}{"error":"Ticket is already sold"}{"error":"Ticket is already sold"}{"error":"Ticket is already sold"}{"error":"Ticket is already sold"}{"error":"Ticket is already sold"}{"error":"Ticket is already sold"}{"error":"Ticket is already sold"}{"error":"Ticket is already sold"}{"error":"Ticket is already sold"}{"error":"Ticket is already sold"}{"error":"Ticket is already sold"}{"error":"Ticket is already sold"}{"error":"Ticket is already sold"}{"error":"Ticket is already sold"}{"error":"Ticket is already sold"}{"error":"Ticket is already sold"}{"error":"Ticket is already sold"}{"error":"Ticket is already sold"}{"error":"Ticket is already sold"}{"error":"Ticket is already sold"}{"error":"Ticket is already sold"}{"error":"Ticket is already sold"}{"error":"Ticket is already sold"}{"error":"Ticket is already sold"}{"error":"Ticket is already sold"}{"error":"Ticket is already sold"}{"error":"Ticket is already sold"}{"error":"Ticket is already sold"}{"error":"Ticket is already sold"}{"error":"Ticket is already sold"}{"error":"Ticket is already sold"}{"error":"Ticket is already sold"}{"error":"Ticket is already sold"}{"error":"Ticket is already sold"}{"error":"Ticket is already sold"}{"error":"Ticket is already sold"}{"error":"Ticket is already sold"}{"error":"Ticket is already sold"}{"error":"Ticket is already sold"}{"error":"Ticket is already sold"}{"error":"Ticket is already sold"}{"error":"Ticket is already sold"}{"error":"Ticket is already sold"}{"error":"Ticket is already sold"}{"error":"Ticket is already sold"}{"error":"Ticket is already sold"}{"error":"Ticket is already sold"}{"error":"Ticket is already sold"}{"error":"Ticket is already sold"}{"error":"Ticket is already sold"}{"error":"Ticket is already sold"}{"error":"Ticket is already sold"}{"error":"Ticket is already sold"}{"error":"Ticket is already sold"}{"error":"Ticket is already sold"}{"error":"Ticket is already sold"}{"error":"Ticket is already sold"}{"error":"Ticket is already sold"}{"error":"Ticket is already sold"}{"error":"Ticket is already sold"}{"error":"Ticket is already sold"}{"error":"Ticket is already sold"}{"error":"Ticket is already sold"}{"error":"Ticket is already sold"}{"error":"Ticket is already sold"}{"error":"Ticket is already sold"}{"error":"Ticket is already sold"}{"error":"Ticket is already sold"}{"error":"Ticket is already sold"}{"error":"Ticket is already sold"}{"error":"Ticket is already sold"}{"error":"Ticket is already sold"}{"error":"Ticket is already sold"}{"error":"Ticket is already sold"}{"error":"Ticket is already sold"}{"error":"Ticket is already sold"}{"error":"Ticket is already sold"}{"error":"Ticket is already sold"}{"error":"Ticket is already sold"}{"error":"Ticket is already sold"}{"error":"Ticket is already sold"}{"error":"Ticket is already sold"}{"error":"Ticket is already sold"}{"error":"Ticket is already sold"}{"error":"Ticket is already sold"}{"error":"Ticket is already sold"}{"error":"Ticket is already sold"}{"error":"Ticket is already sold"}{"error":"Ticket is already sold"}{"error":"Ticket is already sold"}{"error":"Ticket is already sold"}{"error":"Ticket is already sold"}{"error":"Ticket is already sold"}{"error":"Ticket is already sold"}{"error":"Ticket is already sold"}{"error":"Ticket is already sold"}{"error":"Ticket is already sold"}{"error":"Ticket is already sold"}{"error":"Ticket is already sold"}{"error":"Ticket is already sold"}{"error":"Ticket is already sold"}{"error":"Ticket is already sold"}{"error":"Ticket is already sold"}{"error":"Ticket is already sold"}{"error":"Ticket is already sold"}{"error":"Ticket is already sold"}{"error":"Ticket is already sold"}{"error":"Ticket is already sold"}{"error":"Ticket is already sold"}{"error":"Ticket is already sold"}{"error":"Ticket is already sold"}{"error":"Ticket is already sold"}{"error":"Ticket is already sold"}{"error":"Ticket is already sold"}{"error":"Ticket is already sold"}{"error":"Ticket is already sold"}{"error":"Ticket is already sold"}{"error":"Ticket is already sold"}{"error":"Ticket is already sold"}{"error":"Ticket is already sold"}{"error":"Ticket is already sold"}{"error":"Ticket is already sold"}{"error":"Ticket is already sold"}{"error":"Ticket is already sold"}{"error":"Ticket is already sold"}{"error":"Ticket is already sold"}{"error":"Ticket is already sold"}{"error":"Ticket is already sold"}{"error":"Ticket is already sold"}{"error":"Ticket is already sold"}{"error":"Ticket is already sold"}{"error":"Ticket is already sold"}{"error":"Ticket is already sold"}{"error":"Ticket is already sold"}{"error":"Ticket is already sold"}{"error":"Ticket is already sold"}{"error":"Ticket is already sold"}{"error":"Ticket is already sold"}{"error":"Ticket is already sold"}{"error":"Ticket is already sold"}{"error":"Ticket is already sold"}{"error":"Ticket is already sold"}{"error":"Ticket is already sold"}{"error":"Ticket is already sold"}{"error":"Ticket is already sold"}{"error":"Ticket is already sold"}{"error":"Ticket is already sold"}{"error":"Ticket is already sold"}{"error":"Ticket is already sold"}{"error":"Ticket is already sold"}{"error":"Ticket is already sold"}{"error":"Ticket is already sold"}{"error":"Ticket is already sold"}{"error":"Ticket is already sold"}{"error":"Ticket is already sold"}{"error":"Ticket is already sold"}{"error":"Ticket is already sold"}{"error":"Ticket is already sold"}{"error":"Ticket is already sold"}{"error":"Ticket is already sold"}{"error":"Ticket is already sold"}{"error":"Ticket is already sold"}{"error":"Ticket is already sold"}{"error":"Ticket is already sold"}{"error":"Ticket is already sold"}{"error":"Ticket is already sold"}{"error":"Ticket is already sold"}{"error":"Ticket is already sold"}{"error":"Ticket is already sold"}{"error":"Ticket is already sold"}{"error":"Ticket is already sold"}{"error":"Ticket is already sold"}{"error":"Ticket is already sold"}{"error":"Ticket is already sold"}{"error":"Ticket is already sold"}{"error":"Ticket is already sold"}{"error":"Ticket is already sold"}{"error":"Ticket is already sold"}{"error":"Ticket is already sold"}{"error":"Ticket is already sold"}{"error":"Ticket is already sold"}{"error":"Ticket is already sold"}{"error":"Ticket is already sold"}{"error":"Ticket is already sold"}{"error":"Ticket is already sold"}{"error":"Ticket is already sold"}{"error":"Ticket is already sold"}{"error":"Ticket is already sold"}{"error":"Ticket is already sold"}{"error":"Ticket is already sold"}{"error":"Ticket is already sold"}{"error":"Ticket is already sold"}{"error":"Ticket is already sold"}{"error":"Ticket is already sold"}{"error":"Ticket is already sold"}{"error":"Ticket is already sold"}{"error":"Ticket is already sold"}{"error":"Ticket is already sold"}{"error":"Ticket is already sold"}{"error":"Ticket is already sold"}{"error":"Ticket is already sold"}{"error":"Ticket is already sold"}{"error":"Ticket is already sold"}{"error":"Ticket is already sold"}{"error":"Ticket is already sold"}{"error":"Ticket is already sold"}{"error":"Ticket is already sold"}{"error":"Ticket is already sold"}{"error":"Ticket is already sold"}{"error":"Ticket is already sold"}{"error":"Ticket is already sold"}{"error":"Ticket is already sold"}{"error":"Ticket is already sold"}{"error":"Ticket is already sold"}{"error":"Ticket is already sold"}{"error":"Ticket is already sold"}{"error":"Ticket is already sold"}{"error":"Ticket is already sold"}{"error":"Ticket is already sold"}{"error":"Ticket is already sold"}{"error":"Ticket is already sold"}{"error":"Ticket is already sold"}{"error":"Ticket is already sold"}{"error":"Ticket is already sold"}{"error":"Ticket is already sold"}{"error":"Ticket is already sold"}{"error":"Ticket is already sold"}{"error":"Ticket is already sold"}{"error":"Ticket is already sold"}{"error":"Ticket is already sold"}{"error":"Ticket is already sold"}{"error":"Ticket is already sold"}{"error":"Ticket is already sold"}{"error":"Ticket is already sold"}{"error":"Ticket is already sold"}{"error":"Ticket is already sold"}{"error":"Ticket is already sold"}{"error":"Ticket is already sold"}{"error":"Ticket is already sold"}{"error":"Ticket is already sold"}{"error":"Ticket is already sold"}{"error":"Ticket is already sold"}{"error":"Ticket is already sold"}{"error":"Ticket is already sold"}{"error":"Ticket is already sold"}{"error":"Ticket is already sold"}{"error":"Ticket is already sold"}{"error":"Ticket is already sold"}{"error":"Ticket is already sold"}{"error":"Ticket is already sold"}{"error":"Ticket is already sold"}{"error":"Ticket is already sold"}{"error":"Ticket is already sold"}{"error":"Ticket is already sold"}{"error":"Ticket is already sold"}{"error":"Ticket is already sold"}{"error":"Ticket is already sold"}{"error":"Ticket is already sold"}{"error":"Ticket is already sold"}{"error":"Ticket is already sold"}{"error":"Ticket is already sold"}{"error":"Ticket is already sold"}{"error":"Ticket is already sold"}{"error":"Ticket is already sold"}{"error":"Ticket is already sold"}{"error":"Ticket is already sold"}{"error":"Ticket is already sold"}{"error":"Ticket is already sold"}{"error":"Ticket is already sold"}{"error":"Ticket is already sold"}{"error":"Ticket is already sold"}{"error":"Ticket is already sold"}{"error":"Ticket is already sold"}{"error":"Ticket is already sold"}{"error":"Ticket is already sold"}{"error":"Ticket is already sold"}{"error":"Ticket is already sold"}{"error":"Ticket is already sold"}{"error":"Ticket is already sold"}{"error":"Ticket is already sold"}{"error":"Ticket is already sold"}{"error":"Ticket is already sold"}{"error":"Ticket is already sold"}{"error":"Ticket is already sold"}{"error":"Ticket is already sold"}{"error":"Ticket is already sold"}{"error":"Ticket is already sold"}{"error":"Ticket is already sold"}{"error":"Ticket is already sold"}{"error":"Ticket is already sold"}{"error":"Ticket is already sold"}{"error":"Ticket is already sold"}{"error":"Ticket is already sold"}{"error":"Ticket is already sold"}{"error":"Ticket is already sold"}{"error":"Ticket is already sold"}{"error":"Ticket is already sold"}{"error":"Ticket is already sold"}{"error":"Ticket is already sold"}{"error":"Ticket is already sold"}{"error":"Ticket is already sold"}{"error":"Ticket is already sold"}{"error":"Ticket is already sold"}{"error":"Ticket is already sold"}{"error":"Ticket is already sold"}{"error":"Ticket is already sold"}{"error":"Ticket is already sold"}{"error":"Ticket is already sold"}{"error":"Ticket is already sold"}{"error":"Ticket is already sold"}{"error":"Ticket is already sold"}{"error":"Ticket is already sold"}{"error":"Ticket is already sold"}{"error":"Ticket is already sold"}{"error":"Ticket is already sold"}{"error":"Ticket is already sold"}{"error":"Ticket is already sold"}{"error":"Ticket is already sold"}{"error":"Ticket is already sold"}{"error":"Ticket is already sold"}{"error":"Ticket is already sold"}{"error":"Ticket is already sold"}{"error":"Ticket is already sold"}{"error":"Ticket is already sold"}{"error":"Ticket is already sold"}{"error":"Ticket is already sold"}{"error":"Ticket is already sold"}{"error":"Ticket is already sold"}{"error":"Ticket is already sold"}{"error":"Ticket is already sold"}{"error":"Ticket is already sold"}{"error":"Ticket is already sold"}{"error":"Ticket is already sold"}{"error":"Ticket is already sold"}{"error":"Ticket is already sold"}{"error":"Ticket is already sold"}{"error":"Ticket is already sold"}{"error":"Ticket is already sold"}{"error":"Ticket is already sold"}{"error":"Ticket is already sold"}{"error":"Ticket is already sold"}{"error":"Ticket is already sold"}{"error":"Ticket is already sold"}{"error":"Ticket is already sold"}{"error":"Ticket is already sold"}{"error":"Ticket is already sold"}{"error":"Ticket is already sold"}{"error":"Ticket is already sold"}{"error":"Ticket is already sold"}{"error":"Ticket is already sold"}{"error":"Ticket is already sold"}{"error":"Ticket is already sold"}{"error":"Ticket is already sold"}{"error":"Ticket is already sold"}{"error":"Ticket is already sold"}{"error":"Ticket is already sold"}{"error":"Ticket is already sold"}{"error":"Ticket is already sold"}{"error":"Ticket is already sold"}{"error":"Ticket is already sold"}{"error":"Ticket is already sold"}{"error":"Ticket is already sold"}{"error":"Ticket is already sold"}{"error":"Ticket is already sold"}{"error":"Ticket is already sold"}{"error":"Ticket is already sold"}{"error":"Ticket is already sold"}{"error":"Ticket is already sold"}{"error":"Ticket is already sold"}{"error":"Ticket is already sold"}{"error":"Ticket is already sold"}{"error":"Ticket is already sold"}{"error":"Ticket is already sold"}{"error":"Ticket is already sold"}{"error":"Ticket is already sold"}{"error":"Ticket is already sold"}{"error":"Ticket is already sold"}{"error":"Ticket is already sold"}{"error":"Ticket is already sold"}{"error":"Ticket is already sold"}{"error":"Ticket is already sold"}{"error":"Ticket is already sold"}{"error":"Ticket is already sold"}{"error":"Ticket is already sold"}{"error":"Ticket is already sold"}{"error":"Ticket is already sold"}{"error":"Ticket is already sold"}{"error":"Ticket is already sold"}{"error":"Ticket is already sold"}{"error":"Ticket is already sold"}{"error":"Ticket is already sold"}{"error":"Ticket is already sold"}{"error":"Ticket is already sold"}{"error":"Ticket is already sold"}{"error":"Ticket is already sold"}{"error":"Ticket is already sold"}{"error":"Ticket is already sold"}{"error":"Ticket is already sold"}{"error":"Ticket is already sold"}{"error":"Ticket is already sold"}{"error":"Ticket is already sold"}{"error":"Ticket is already sold"}{"error":"Ticket is already sold"}{"error":"Ticket is already sold"}{"error":"Ticket is already sold"}{"error":"Ticket is already sold"}{"error":"Ticket is already sold"}{"error":"Ticket is already sold"}{"error":"Ticket is already sold"}{"error":"Ticket is already sold"}{"error":"Ticket is already sold"}{"error":"Ticket is already sold"}{"error":"Ticket is already sold"}{"error":"Ticket is already sold"}{"error":"Ticket is already sold"}{"error":"Ticket is already sold"}{"error":"Ticket is already sold"}{"error":"Ticket is already sold"}{"error":"Ticket is already sold"}{"error":"Ticket is already sold"}{"error":"Ticket is already sold"}{"error":"Ticket is already sold"}{"error":"Ticket is already sold"}{"error":"Ticket is already sold"}{"error":"Ticket is already sold"}{"error":"Ticket is already sold"}{"error":"Ticket is already sold"}{"error":"Ticket is already sold"}{"error":"Ticket is already sold"}{"error":"Ticket is already sold"}{"error":"Ticket is already sold"}{"error":"Ticket is already sold"}{"error":"Ticket is already sold"}{"error":"Ticket is already sold"}{"error":"Ticket is already sold"}{"error":"Ticket is already sold"}{"error":"Ticket is already sold"}{"error":"Ticket is already sold"}{"error":"Ticket is already sold"}{"error":"Ticket is already sold"}{"error":"Ticket is already sold"}{"error":"Ticket is already sold"}{"error":"Ticket is already sold"}{"error":"Ticket is already sold"}{"error":"Ticket is already sold"}{"error":"Ticket is already sold"}{"error":"Ticket is already sold"}{"error":"Ticket is already sold"}{"error":"Ticket is already sold"}{"error":"Ticket is already sold"}{"error":"Ticket is already sold"}{"error":"Ticket is already sold"}{"error":"Ticket is already sold"}{"error":"Ticket is already sold"}{"error":"Ticket is already sold"}{"error":"Ticket is already sold"}{"error":"Ticket is already sold"}{"error":"Ticket is already sold"}{"error":"Ticket is already sold"}{"error":"Ticket is already sold"}{"error":"Ticket is already sold"}{"error":"Ticket is already sold"}{"error":"Ticket is already sold"}{"error":"Ticket is already sold"}{"error":"Ticket is already sold"}{"error":"Ticket is already sold"}{"error":"Ticket is already sold"}{"error":"Ticket is already sold"}{"error":"Ticket is already sold"}{"error":"Ticket is already sold"}{"error":"Ticket is already sold"}{"error":"Ticket is already sold"}{"error":"Ticket is already sold"}{"error":"Ticket is already sold"}{"error":"Ticket is already sold"}{"error":"Ticket is already sold"}{"error":"Ticket is already sold"}{"error":"Ticket is already sold"}{"error":"Ticket is already sold"}{"error":"Ticket is already sold"}{"error":"Ticket is already sold"}{"error":"Ticket is already sold"}{"error":"Ticket is already sold"}{"error":"Ticket is already sold"}{"error":"Ticket is already sold"}{"error":"Ticket is already sold"}{"error":"Ticket is already sold"}{"error":"Ticket is already sold"}{"error":"Ticket is already sold"}{"error":"Ticket is already sold"}{"error":"Ticket is already sold"}{"error":"Ticket is already sold"}{"error":"Ticket is already sold"}{"error":"Ticket is already sold"}{"error":"Ticket is already sold"}{"error":"Ticket is already sold"}{"error":"Ticket is already sold"}{"error":"Ticket is already sold"}{"error":"Ticket is already sold"}{"error":"Ticket is already sold"}{"error":"Ticket is already sold"}{"error":"Ticket is already sold"}{"error":"Ticket is already sold"}{"error":"Ticket is already sold"}{"error":"Ticket is already sold"}{"error":"Ticket is already sold"}{"error":"Ticket is already sold"}{"error":"Ticket is already sold"}{"error":"Ticket is already sold"}{"error":"Ticket is already sold"}{"error":"Ticket is already sold"}{"error":"Ticket is already sold"}{"error":"Ticket is already sold"}{"error":"Ticket is already sold"}{"error":"Ticket is already sold"}{"error":"Ticket is already sold"}{"error":"Ticket is already sold"}{"error":"Ticket is already sold"}{"error":"Ticket is already sold"}{"error":"Ticket is already sold"}{"error":"Ticket is already sold"}{"error":"Ticket is already sold"}{"error":"Ticket is already sold"}{"error":"Ticket is already sold"}{"error":"Ticket is already sold"}{"error":"Ticket is already sold"}{"error":"Ticket is already sold"}{"error":"Ticket is already sold"}{"error":"Ticket is already sold"}{"error":"Ticket is already sold"}{"error":"Ticket is already sold"}{"error":"Ticket is already sold"}{"error":"Ticket is already sold"}{"error":"Ticket is already sold"}{"error":"Ticket is already sold"}{"error":"Ticket is already sold"}{"error":"Ticket is already sold"}{"error":"Ticket is already sold"}{"error":"Ticket is already sold"}{"error":"Ticket is already sold"}{"error":"Ticket is already sold"}{"error":"Ticket is already sold"}{"error":"Ticket is already sold"}{"error":"Ticket is already sold"}{"error":"Ticket is already sold"}{"error":"Ticket is already sold"}{"error":"Ticket is already sold"}{"error":"Ticket is already sold"}{"error":"Ticket is already sold"}{"error":"Ticket is already sold"}{"error":"Ticket is already sold"}{"error":"Ticket is already sold"}{"error":"Ticket is already sold"}{"error":"Ticket is already sold"}{"error":"Ticket is already sold"}{"error":"Ticket is already sold"}{"error":"Ticket is already sold"}{"error":"Ticket is already sold"}{"error":"Ticket is already sold"}{"error":"Ticket is already sold"}{"error":"Ticket is already sold"}{"error":"Ticket is already sold"}{"error":"Ticket is already sold"}{"error":"Ticket is already sold"}{"error":"Ticket is already sold"}{"error":"Ticket is already sold"}{"error":"Ticket is already sold"}{"error":"Ticket is already sold"}{"error":"Ticket is already sold"}{"error":"Ticket is already sold"}{"error":"Ticket is already sold"}{"error":"Ticket is already sold"}{"error":"Ticket is already sold"}{"error":"Ticket is already sold"}{"error":"Ticket is already sold"}{"error":"Ticket is already sold"}{"error":"Ticket is already sold"}{"error":"Ticket is already sold"}{"error":"Ticket is already sold"}{"error":"Ticket is already sold"}{"error":"Ticket is already sold"}{"error":"Ticket is already sold"}{"error":"Ticket is already sold"}{"error":"Ticket is already sold"}{"error":"Ticket is already sold"}{"error":"Ticket is already sold"}{"error":"Ticket is already sold"}{"error":"Ticket is already sold"}{"error":"Ticket is already sold"}{"error":"Ticket is already sold"}{"error":"Ticket is already sold"}{"error":"Ticket is already sold"}{"error":"Ticket is already sold"}{"error":"Ticket is already sold"}{"error":"Ticket is already sold"}{"error":"Ticket is already sold"}{"error":"Ticket is already sold"}{"error":"Ticket is already sold"}{"error":"Ticket is already sold"}{"error":"Ticket is already sold"}{"error":"Ticket is already sold"}{"error":"Ticket is already sold"}{"error":"Ticket is already sold"}{"error":"Ticket is already sold"}{"error":"Ticket is already sold"}{"error":"Ticket is already sold"}{"error":"Ticket is already sold"}{"error":"Ticket is already sold"}{"error":"Ticket is already sold"}{"error":"Ticket is already sold"}{"error":"Ticket is already sold"}{"error":"Ticket is already sold"}{"error":"Ticket is already sold"}{"error":"Ticket is already sold"}{"error":"Ticket is already sold"}{"error":"Ticket is already sold"}{"error":"Ticket is already sold"}{"error":"Ticket is already sold"}{"error":"Ticket is already sold"}{"error":"Ticket is already sold"}{"error":"Ticket is already sold"}{"error":"Ticket is already sold"}{"error":"Ticket is already sold"}{"error":"Ticket is already sold"}{"error":"Ticket is already sold"}{"error":"Ticket is already sold"}{"error":"Ticket is already sold"}{"error":"Ticket is already sold"}{"error":"Ticket is already sold"}{"error":"Ticket is already sold"}{"error":"Ticket is already sold"}{"error":"Ticket is already sold"}{"error":"Ticket is already sold"}{"error":"Ticket is already sold"}{"error":"Ticket is already sold"}{"error":"Ticket is already sold"}{"error":"Ticket is already sold"}{"error":"Ticket is already sold"}{"error":"Ticket is already sold"}{"error":"Ticket is already sold"}{"error":"Ticket is already sold"}{"error":"Ticket is already sold"}{"error":"Ticket is already sold"}{"error":"Ticket is already sold"}{"error":"Ticket is already sold"}{"error":"Ticket is already sold"}{"error":"Ticket is already sold"}{"error":"Ticket is already sold"}{"error":"Ticket is already sold"}{"error":"Ticket is already sold"}{"error":"Ticket is already sold"}{"error":"Ticket is already sold"}{"error":"Ticket is already sold"}{"error":"Ticket is already sold"}{"error":"Ticket is already sold"}{"error":"Ticket is already sold"}{"error":"Ticket is already sold"}{"error":"Ticket is already sold"}{"error":"Ticket is already sold"}{"error":"Ticket is already sold"}{"error":"Ticket is already sold"}{"error":"Ticket is already sold"}{"error":"Ticket is already sold"}{"error":"Ticket is already sold"}{"error":"Ticket is already sold"}{"error":"Ticket is already sold"}{"error":"Ticket is already sold"}{"error":"Ticket is already sold"}{"error":"Ticket is already sold"}{"error":"Ticket is already sold"}{"error":"Ticket is already sold"}{"error":"Ticket is already sold"}{"error":"Ticket is already sold"}{"error":"Ticket is already sold"}{"error":"Ticket is already sold"}{"error":"Ticket is already sold"}{"error":"Ticket is already sold"}{"error":"Ticket is already sold"}{"error":"Ticket is already sold"}{"error":"Ticket is already sold"}{"error":"Ticket is already sold"}{"error":"Ticket is already sold"}{"error":"Ticket is already sold"}{"error":"Ticket is already sold"}{"error":"Ticket is already sold"}{"error":"Ticket is already sold"}{"error":"Ticket is already sold"}{"error":"Ticket is already sold"}{"error":"Ticket is already sold"}{"error":"Ticket is already sold"}{"error":"Ticket is already sold"}{"error":"Ticket is already sold"}{"error":"Ticket is already sold"}{"error":"Ticket is already sold"}{"error":"Ticket is already sold"}{"error":"Ticket is already sold"}{"error":"Ticket is already sold"}{"error":"Ticket is already sold"}{"error":"Ticket is already sold"}{"error":"Ticket is already sold"}{"error":"Ticket is already sold"}{"error":"Ticket is already sold"}{"error":"Ticket is already sold"}{"error":"Ticket is already sold"}{"error":"Ticket is already sold"}{"error":"Ticket is already sold"}{"error":"Ticket is already sold"}{"error":"Ticket is already sold"}{"error":"Ticket is already sold"}{"error":"Ticket is already sold"}{"error":"Ticket is already sold"}{"error":"Ticket is already sold"}{"error":"Ticket is already sold"}{"error":"Ticket is already sold"}{"error":"Ticket is already sold"}{"error":"Ticket is already sold"}{"error":"Ticket is already sold"}{"error":"Ticket is already sold"}{"error":"Ticket is already sold"}{"error":"Ticket is already sold"}{"error":"Ticket is already sold"}{"error":"Ticket is already sold"}{"error":"Ticket is already sold"}{"error":"Ticket is already sold"}{"error":"Ticket is already sold"}{"error":"Ticket is already sold"}{"error":"Ticket is already sold"}{"error":"Ticket is already sold"}{"error":"Ticket is already sold"}{"error":"Ticket is already sold"}{"error":"Ticket is already sold"}{"error":"Ticket is already sold"}{"error":"Ticket is already sold"}{"error":"Ticket is already sold"}{"error":"Ticket is already sold"}{"error":"Ticket is already sold"}{"error":"Ticket is already sold"}{"error":"Ticket is already sold"}{"error":"Ticket is already sold"}{"error":"Ticket is already sold"}{"error":"Ticket is already sold"}{"error":"Ticket is already sold"}{"error":"Ticket is already sold"}{"error":"Ticket is already sold"}{"error":"Ticket is already sold"}{"error":"Ticket is already sold"}{"error":"Ticket is already sold"}{"error":"Ticket is already sold"}{"error":"Ticket is already sold"}{"error":"Ticket is already sold"}{"error":"Ticket is already sold"}{"error":"Ticket is already sold"}{"error":"Ticket is already sold"}{"error":"Ticket is already sold"}{"error":"Ticket is already sold"}{"error":"Ticket is already sold"}{"error":"Ticket is already sold"}{"error":"Ticket is already sold"}{"error":"Ticket is already sold"}{"error":"Ticket is already sold"}{"error":"Ticket is already sold"}{"error":"Ticket is already sold"}{"error":"Ticket is already sold"}{"error":"Ticket is already sold"}{"error":"Ticket is already sold"}{"error":"Ticket is already sold"}{"error":"Ticket is already sold"}{"error":"Ticket is already sold"}{"error":"Ticket is already sold"}{"error":"Ticket is already sold"}{"error":"Ticket is already sold"}{"error":"Ticket is already sold"}{"error":"Ticket is already sold"}{"error":"Ticket is already sold"}{"error":"Ticket is already sold"}{"error":"Ticket is already sold"}{"error":"Ticket is already sold"}{"error":"Ticket is already sold"}{"error":"Ticket is already sold"}{"error":"Ticket is already sold"}{"error":"Ticket is already sold"}{"error":"Ticket is already sold"}{"error":"Ticket is already sold"}{"error":"Ticket is already sold"}{"error":"Ticket is already sold"}{"error":"Ticket is already sold"}{"error":"Ticket is already sold"}{"error":"Ticket is already sold"}{"error":"Ticket is already sold"}{"error":"Ticket is already sold"}{"error":"Ticket is already sold"}{"error":"Ticket is already sold"}{"error":"Ticket is already sold"}{"error":"Ticket is already sold"}{"error":"Ticket is already sold"}{"error":"Ticket is already sold"}{"error":"Ticket is already sold"}{"error":"Ticket is already sold"}{"error":"Ticket is already sold"}{"error":"Ticket is already sold"}{"error":"Ticket is already sold"}{"error":"Ticket is already sold"}{"error":"Ticket is already sold"}{"error":"Ticket is already sold"}{"error":"Ticket is already sold"}{"error":"Ticket is already sold"}{"error":"Ticket is already sold"}{"error":"Ticket is already sold"}{"error":"Ticket is already sold"}{"error":"Ticket is already sold"}{"error":"Ticket is already sold"}{"error":"Ticket is already sold"}{"error":"Ticket is already sold"}{"error":"Ticket is already sold"}{"error":"Ticket is already sold"}{"error":"Ticket is already sold"}{"error":"Ticket is already sold"}{"error":"Ticket is already sold"}{"error":"Ticket is already sold"}{"error":"Ticket is already sold"}{"error":"Ticket is already sold"}{"error":"Ticket is already sold"}{"error":"Ticket is already sold"}{"error":"Ticket is already sold"}{"error":"Ticket is already sold"}{"error":"Ticket is already sold"}{"error":"Ticket is already sold"}{"error":"Ticket is already sold"}{"error":"Ticket is already sold"}{"error":"Ticket is already sold"}{"error":"Ticket is already sold"}{"error":"Ticket is already sold"}{"error":"Ticket is already sold"}{"error":"Ticket is already sold"}{"error":"Ticket is already sold"}{"error":"Ticket is already sold"}{"error":"Ticket is already sold"}{"error":"Ticket is already sold"}{"error":"Ticket is already sold"}{"error":"Ticket is already sold"}{"error":"Ticket is already sold"}{"error":"Ticket is already sold"}{"error":"Ticket is already sold"}{"error":"Ticket is already sold"}{"error":"Ticket is already sold"}{"error":"Ticket is already sold"}{"error":"Ticket is already sold"}{"error":"Ticket is already sold"}{"error":"Ticket is already sold"}{"error":"Ticket is already sold"}{"error":"Ticket is already sold"}{"error":"Ticket is already sold"}{"error":"Ticket is already sold"}{"error":"Ticket is already sold"}{"error":"Ticket is already sold"}{"error":"Ticket is already sold"}{"error":"Ticket is already sold"}{"error":"Ticket is already sold"}{"error":"Ticket is already sold"}{"error":"Ticket is already sold"}{"error":"Ticket is already sold"}{"error":"Ticket is already sold"}{"error":"Ticket is already sold"}{"error":"Ticket is already sold"}{"error":"Ticket is already sold"}{"error":"Ticket is already sold"}{"error":"Ticket is already sold"}{"error":"Ticket is already sold"}{"error":"Ticket is already sold"}{"error":"Ticket is already sold"}{"error":"Ticket is already sold"}{"error":"Ticket is already sold"}{"error":"Ticket is already sold"}{"error":"Ticket is already sold"}{"error":"Ticket is already sold"}{"error":"Ticket is already sold"}{"error":"Ticket is already sold"}{"error":"Ticket is already sold"}{"error":"Ticket is already sold"}{"error":"Ticket is already sold"}{"error":"Ticket is already sold"}{"error":"Ticket is already sold"}{"error":"Ticket is already sold"}{"error":"Ticket is already sold"}{"error":"Ticket is already sold"}{"error":"Ticket is already sold"}{"error":"Ticket is already sold"}{"error":"Ticket is already sold"}{"error":"Ticket is already sold"}{"error":"Ticket is already sold"}{"error":"Ticket is already sold"}{"error":"Ticket is already sold"}{"error":"Ticket is already sold"}{"error":"Ticket is already sold"}{"error":"Ticket is already sold"}{"error":"Ticket is already sold"}{"error":"Ticket is already sold"}{"error":"Ticket is already sold"}{"error":"Ticket is already sold"}{"error":"Ticket is already sold"}{"error":"Ticket is already sold"}{"error":"Ticket is already sold"}{"error":"Ticket is already sold"}{"error":"Ticket is already sold"}{"error":"Ticket is already sold"}{"error":"Ticket is already sold"}{"error":"Ticket is already sold"}{"error":"Ticket is already sold"}{"error":"Ticket is already sold"}{"error":"Ticket is already sold"}{"error":"Ticket is already sold"}{"error":"Ticket is already sold"}{"error":"Ticket is already sold"}{"error":"Ticket is already sold"}{"error":"Ticket is already sold"}{"error":"Ticket is already sold"}{"error":"Ticket is already sold"}{"error":"Ticket is already sold"}{"error":"Ticket is already sold"}{"error":"Ticket is already sold"}{"error":"Ticket is already sold"}{"error":"Ticket is already sold"}{"error":"Ticket is already sold"}{"error":"Ticket is already sold"}{"error":"Ticket is already sold"}{"error":"Ticket is already sold"}{"error":"Ticket is already sold"}{"error":"Ticket is already sold"}{"error":"Ticket is already sold"}{"error":"Ticket is already sold"}{"error":"Ticket is already sold"}{"error":"Ticket is already sold"}{"error":"Ticket is already sold"}{"error":"Ticket is already sold"}{"error":"Ticket is already sold"}{"error":"Ticket is already sold"}{"error":"Ticket is already sold"}{"error":"Ticket is already sold"}{"error":"Ticket is already sold"}{"error":"Ticket is already sold"}{"error":"Ticket is already sold"}{"error":"Ticket is already sold"}{"error":"Ticket is already sold"}{"error":"Ticket is already sold"}{"error":"Ticket is already sold"}{"error":"Ticket is already sold"}{"error":"Ticket is already sold"}{"error":"Ticket is already sold"}{"error":"Ticket is already sold"}{"error":"Ticket is already sold"}{"error":"Ticket is already sold"}{"error":"Ticket is already sold"}{"error":"Ticket is already sold"}{"error":"Ticket is already sold"}{"error":"Ticket is already sold"}{"error":"Ticket is already sold"}{"error":"Ticket is already sold"}{"error":"Ticket is already sold"}{"error":"Ticket is already sold"}{"error":"Ticket is already sold"}{"error":"Ticket is already sold"}{"error":"Ticket is already sold"}{"error":"Ticket is already sold"}{"error":"Ticket is already sold"}{"error":"Ticket is already sold"}{"error":"Ticket is already sold"}{"error":"Ticket is already sold"}{"error":"Ticket is already sold"}{"error":"Ticket is already sold"}{"error":"Ticket is already sold"}{"error":"Ticket is already sold"}{"error":"Ticket is already sold"}{"error":"Ticket is already sold"}{"error":"Ticket is already sold"}{"error":"Ticket is already sold"}{"error":"Ticket is already sold"}{"error":"Ticket is already sold"}{"error":"Ticket is already sold"}{"error":"Ticket is already sold"}{"error":"Ticket is already sold"}{"error":"Ticket is already sold"}{"error":"Ticket is already sold"}{"error":"Ticket is already sold"}{"error":"Ticket is already sold"}{"error":"Ticket is already sold"}{"error":"Ticket is already sold"}{"error":"Ticket is already sold"}{"error":"Ticket is already sold"}{"error":"Ticket is already sold"}{"error":"Ticket is already sold"}{"error":"Ticket is already sold"}{"error":"Ticket is already sold"}{"error":"Ticket is already sold"}{"error":"Ticket is already sold"}{"error":"Ticket is already sold"}{"error":"Ticket is already sold"}{"error":"Ticket is already sold"}{"error":"Ticket is already sold"}{"error":"Ticket is already sold"}{"error":"Ticket is already sold"}{"error":"Ticket is already sold"}{"error":"Ticket is already sold"}{"error":"Ticket is already sold"}{"error":"Ticket is already sold"}{"error":"Ticket is already sold"}{"error":"Ticket is already sold"}{"error":"Ticket is already sold"}{"error":"Ticket is already sold"}{"error":"Ticket is already sold"}{"error":"Ticket is already sold"}{"error":"Ticket is already sold"}{"error":"Ticket is already sold"}{"error":"Ticket is already sold"}{"error":"Ticket is already sold"}{"error":"Ticket is already sold"}{"error":"Ticket is already sold"}{"error":"Ticket is already sold"}{"error":"Ticket is already sold"}{"error":"Ticket is already sold"}{"error":"Ticket is already sold"}{"error":"Ticket is already sold"}{"error":"Ticket is already sold"}{"error":"Ticket is already sold"}{"error":"Ticket is already sold"}{"error":"Ticket is already sold"}{"error":"Ticket is already sold"}{"error":"Ticket is already sold"}{"error":"Ticket is already sold"}{"error":"Ticket is already sold"}{"error":"Ticket is already sold"}{"error":"Ticket is already sold"}{"error":"Ticket is already sold"}{"error":"Ticket is already sold"}{"error":"Ticket is already sold"}{"error":"Ticket is already sold"}{"error":"Ticket is already sold"}{"error":"Ticket is already sold"}{"error":"Ticket is already sold"}{"error":"Ticket is already sold"}{"error":"Ticket is already sold"}{"error":"Ticket is already sold"}{"error":"Ticket is already sold"}{"error":"Ticket is already sold"}{"error":"Ticket is already sold"}{"error":"Ticket is already sold"}{"error":"Ticket is already sold"}{"error":"Ticket is already sold"}{"error":"Ticket is already sold"}{"error":"Ticket is already sold"}{"error":"Ticket is already sold"}{"error":"Ticket is already sold"}{"error":"Ticket is already sold"}{"error":"Ticket is already sold"}{"error":"Ticket is already sold"}{"error":"Ticket is already sold"}{"error":"Ticket is already sold"}{"error":"Ticket is already sold"}{"error":"Ticket is already sold"}{"error":"Ticket is already sold"}{"error":"Ticket is already sold"}{"error":"Ticket is already sold"}{"error":"Ticket is already sold"}{"error":"Ticket is already sold"}{"error":"Ticket is already sold"}{"error":"Ticket is already sold"}{"error":"Ticket is already sold"}{"error":"Ticket is already sold"}{"error":"Ticket is already sold"}{"error":"Ticket is already sold"}{"error":"Ticket is already sold"}{"error":"Ticket is already sold"}{"error":"Ticket is already sold"}{"error":"Ticket is already sold"}{"error":"Ticket is already sold"}{"error":"Ticket is already sold"}{"error":"Ticket is already sold"}{"error":"Ticket is already sold"}{"error":"Ticket is already sold"}{"error":"Ticket is already sold"}{"error":"Ticket is already sold"}{"error":"Ticket is already sold"}{"error":"Ticket is already sold"}{"error":"Ticket is already sold"}{"error":"Ticket is already sold"}{"error":"Ticket is already sold"}{"error":"Ticket is already sold"}{"error":"Ticket is already sold"}{"error":"Ticket is already sold"}{"error":"Ticket is already sold"}{"error":"Ticket is already sold"}{"error":"Ticket is already sold"}{"error":"Ticket is already sold"}{"error":"Ticket is already sold"}{"error":"Ticket is already sold"}{"error":"Ticket is already sold"}{"error":"Ticket is already sold"}{"error":"Ticket is already sold"}{"error":"Ticket is already sold"}{"error":"Ticket is already sold"}{"error":"Ticket is already sold"}{"error":"Ticket is already sold"}{"error":"Ticket is already sold"}{"error":"Ticket is already sold"}{"error":"Ticket is already sold"}{"error":"Ticket is already sold"}{"error":"Ticket is already sold"}{"error":"Ticket is already sold"}{"error":"Ticket is already sold"}{"error":"Ticket is already sold"}{"error":"Ticket is already sold"}{"error":"Ticket is already sold"}{"error":"Ticket is already sold"}{"error":"Ticket is already sold"}{"error":"Ticket is already sold"}{"error":"Ticket is already sold"}{"error":"Ticket is already sold"}{"error":"Ticket is already sold"}{"error":"Ticket is already sold"}{"error":"Ticket is already sold"}{"error":"Ticket is already sold"}{"error":"Ticket is already sold"}{"error":"Ticket is already sold"}{"error":"Ticket is already sold"}{"error":"Ticket is already sold"}{"error":"Ticket is already sold"}{"error":"Ticket is already sold"}{"error":"Ticket is already sold"}{"error":"Ticket is already sold"}{"error":"Ticket is already sold"}{"error":"Ticket is already sold"}{"error":"Ticket is already sold"}{"error":"Ticket is already sold"}{"error":"Ticket is already sold"}{"error":"Ticket is already sold"}{"error":"Ticket is already sold"}{"error":"Ticket is already sold"}{"error":"Ticket is already sold"}{"error":"Ticket is already sold"}{"error":"Ticket is already sold"}{"error":"Ticket is already sold"}{"error":"Ticket is already sold"}{"error":"Ticket is already sold"}{"error":"Ticket is already sold"}{"error":"Ticket is already sold"}{"error":"Ticket is already sold"}{"error":"Ticket is already sold"}{"error":"Ticket is already sold"}{"error":"Ticket is already sold"}{"error":"Ticket is already sold"}{"error":"Ticket is already sold"}{"error":"Ticket is already sold"}{"error":"Ticket is already sold"}{"error":"Ticket is already sold"}{"error":"Ticket is already sold"}{"error":"Ticket is already sold"}{"error":"Ticket is already sold"}{"error":"Ticket is already sold"}{"error":"Ticket is already sold"}{"error":"Ticket is already sold"}{"error":"Ticket is already sold"}{"error":"Ticket is already sold"}{"error":"Ticket is already sold"}{"error":"Ticket is already sold"}{"error":"Ticket is already sold"}{"error":"Ticket is already sold"}{"error":"Ticket is already sold"}{"error":"Ticket is already sold"}{"error":"Ticket is already sold"}{"error":"Ticket is already sold"}{"error":"Ticket is already sold"}{"error":"Ticket is already sold"}{"error":"Ticket is already sold"}{"error":"Ticket is already sold"}{"error":"Ticket is already sold"}{"error":"Ticket is already sold"}{"error":"Ticket is already sold"}{"error":"Ticket is already sold"}{"error":"Ticket is already sold"}{"error":"Ticket is already sold"}{"error":"Ticket is already sold"}{"error":"Ticket is already sold"}{"error":"Ticket is already sold"}{"error":"Ticket is already sold"}{"error":"Ticket is already sold"}{"error":"Ticket is already sold"}{"error":"Ticket is already sold"}{"error":"Ticket is already sold"}{"error":"Ticket is already sold"}{"error":"Ticket is already sold"}{"error":"Ticket is already sold"}{"error":"Ticket is already sold"}{"error":"Ticket is already sold"}{"error":"Ticket is already sold"}{"error":"Ticket is already sold"}{"error":"Ticket is already sold"}{"error":"Ticket is already sold"}{"error":"Ticket is already sold"}{"error":"Ticket is already sold"}{"error":"Ticket is already sold"}{"error":"Ticket is already sold"}{"error":"Ticket is already sold"}{"error":"Ticket is already sold"}{"error":"Ticket is already sold"}{"error":"Ticket is already sold"}{"error":"Ticket is already sold"}{"error":"Ticket is already sold"}{"error":"Ticket is already sold"}{"error":"Ticket is already sold"}{"error":"Ticket is already sold"}{"error":"Ticket is already sold"}{"error":"Ticket is already sold"}{"error":"Ticket is already sold"}{"error":"Ticket is already sold"}{"error":"Ticket is already sold"}{"error":"Ticket is already sold"}{"error":"Ticket is already sold"}{"error":"Ticket is already sold"}{"error":"Ticket is already sold"}{"error":"Ticket is already sold"}{"error":"Ticket is already sold"}{"error":"Ticket is already sold"}{"error":"Ticket is already sold"}{"error":"Ticket is already sold"}{"error":"Ticket is already sold"}{"error":"Ticket is already sold"}{"error":"Ticket is already sold"}{"error":"Ticket is already sold"}{"error":"Ticket is already sold"}{"error":"Ticket is already sold"}{"error":"Ticket is already sold"}{"error":"Ticket is already sold"}{"error":"Ticket is already sold"}{"error":"Ticket is already sold"}{"error":"Ticket is already sold"}{"error":"Ticket is already sold"}{"error":"Ticket is already sold"}{"error":"Ticket is already sold"}{"error":"Ticket is already sold"}{"error":"Ticket is already sold"}{"error":"Ticket is already sold"}{"error":"Ticket is already sold"}{"error":"Ticket is already sold"}{"error":"Ticket is already sold"}{"error":"Ticket is already sold"}{"error":"Ticket is already sold"}{"error":"Ticket is already sold"}{"error":"Ticket is already sold"}{"error":"Ticket is already sold"}{"error":"Ticket is already sold"}{"error":"Ticket is already sold"}{"error":"Ticket is already sold"}{"error":"Ticket is already sold"}{"error":"Ticket is already sold"}{"error":"Ticket is already sold"}{"error":"Ticket is already sold"}{"error":"Ticket is already sold"}{"error":"Ticket is already sold"}{"error":"Ticket is already sold"}{"error":"Ticket is already sold"}{"error":"Ticket is already sold"}{"error":"Ticket is already sold"}{"error":"Ticket is already sold"}{"error":"Ticket is already sold"}{"error":"Ticket is already sold"}{"error":"Ticket is already sold"}{"error":"Ticket is already sold"}{"error":"Ticket is already sold"}{"error":"Ticket is already sold"}{"error":"Ticket is already sold"}{"error":"Ticket is already sold"}{"error":"Ticket is already sold"}{"error":"Ticket is already sold"}{"error":"Ticket is already sold"}{"error":"Ticket is already sold"}{"error":"Ticket is already sold"}{"error":"Ticket is already sold"}{"error":"Ticket is already sold"}{"error":"Ticket is already sold"}{"error":"Ticket is already sold"}{"error":"Ticket is already sold"}{"error":"Ticket is already sold"}{"error":"Ticket is already sold"}{"error":"Ticket is already sold"}{"error":"Ticket is already sold"}{"error":"Ticket is already sold"}{"error":"Ticket is already sold"}{"error":"Ticket is already sold"}{"error":"Ticket is already sold"}{"error":"Ticket is already sold"}{"error":"Ticket is already sold"}{"error":"Ticket is already sold"}{"error":"Ticket is already sold"}{"error":"Ticket is already sold"}{"error":"Ticket is already sold"}{"error":"Ticket is already sold"}{"error":"Ticket is already sold"}{"error":"Ticket is already sold"}{"error":"Ticket is already sold"}{"error":"Ticket is already sold"}{"error":"Ticket is already sold"}{"error":"Ticket is already sold"}{"error":"Ticket is already sold"}{"error":"Ticket is already sold"}{"error":"Ticket is already sold"}{"error":"Ticket is already sold"}{"error":"Ticket is already sold"}{"error":"Ticket is already sold"}{"error":"Ticket is already sold"}{"error":"Ticket is already sold"}{"error":"Ticket is already sold"}{"error":"Ticket is already sold"}{"error":"Ticket is already sold"}{"error":"Ticket is already sold"}{"error":"Ticket is already sold"}{"error":"Ticket is already sold"}{"error":"Ticket is already sold"}{"error":"Ticket is already sold"}{"error":"Ticket is already sold"}{"error":"Ticket is already sold"}{"error":"Ticket is already sold"}{"error":"Ticket is already sold"}{"error":"Ticket is already sold"}{"error":"Ticket is already sold"}{"error":"Ticket is already sold"}{"error":"Ticket is already sold"}{"error":"Ticket is already sold"}{"error":"Ticket is already sold"}{"error":"Ticket is already sold"}{"error":"Ticket is already sold"}{"error":"Ticket is already sold"}{"error":"Ticket is already sold"}{"error":"Ticket is already sold"}{"error":"Ticket is already sold"}{"error":"Ticket is already sold"}{"error":"Ticket is already sold"}{"error":"Ticket is already sold"}{"error":"Ticket is already sold"}{"error":"Ticket is already sold"}{"error":"Ticket is already sold"}{"error":"Ticket is already sold"}{"error":"Ticket is already sold"}{"error":"Ticket is already sold"}{"error":"Ticket is already sold"}{"error":"Ticket is already sold"}{"error":"Ticket is already sold"}{"error":"Ticket is already sold"}{"error":"Ticket is already sold"}{"error":"Ticket is already sold"}{"error":"Ticket is already sold"}{"error":"Ticket is already sold"}{"error":"Ticket is already sold"}{"error":"Ticket is already sold"}{"error":"Ticket is already sold"}All ticket IDs have been attempted at least once.
{"error":"Ticket is already sold"}{"error":"Ticket is already sold"}{"error":"Ticket is already sold"}